Component: ARM Compiler 5.06 update 3 (build 300) Tool: armlink [4d35c9]

==============================================================================

Section Cross References

    my_headers.o(i.Initialise_I2C_I2S) refers to stm32f4xx_hal_gpio.o(i.HAL_GPIO_Init) for HAL_GPIO_Init
    my_headers.o(i.Initialise_I2C_I2S) refers to stm32f4xx_hal_i2c.o(i.HAL_I2C_Init) for HAL_I2C_Init
    my_headers.o(i.Initialise_I2C_I2S) refers to stm32f4xx_hal_i2s.o(i.HAL_I2S_Init) for HAL_I2S_Init
    my_headers.o(i.Initialise_I2C_I2S) refers to stm32f4xx_hal_i2c.o(i.HAL_I2C_Master_Transmit) for HAL_I2C_Master_Transmit
    my_headers.o(i.Initialise_SPI_LEDs) refers to stm32f4xx_hal_spi.o(i.HAL_SPI_Init) for HAL_SPI_Init
    my_headers.o(i.Initialise_SPI_LEDs) refers to stm32f4xx_hal_gpio.o(i.HAL_GPIO_Init) for HAL_GPIO_Init
    my_headers.o(i.Initialise_SPI_LEDs) refers to stm32f4xx_hal_spi.o(i.HAL_SPI_Transmit) for HAL_SPI_Transmit
    main.o(i.main) refers to system_stm32f4xx.o(i.SystemCoreClockUpdate) for SystemCoreClockUpdate
    main.o(i.main) refers to rt_cmsis.o(i.osKernelInitialize) for osKernelInitialize
    main.o(i.main) refers to my_headers.o(i.Initialise_button) for Initialise_button
    main.o(i.main) refers to my_headers.o(i.Initialise_SPI_LEDs) for Initialise_SPI_LEDs
    main.o(i.main) refers to my_headers.o(i.Initialise_I2C_I2S) for Initialise_I2C_I2S
    main.o(i.main) refers to thread.o(i.Init_SPI_Thread) for Init_SPI_Thread
    main.o(i.main) refers to thread.o(i.Init_Blink_Thread) for Init_Blink_Thread
    main.o(i.main) refers to thread.o(i.Init_Button_Thread) for Init_Button_Thread
    main.o(i.main) refers to thread.o(i.Init_I2C_I2S_Thread) for Init_I2C_I2S_Thread
    main.o(i.main) refers to rt_cmsis.o(i.osKernelStart) for osKernelStart
    main.o(i.main) refers to main.o(.bss) for SPI_Params
    main.o(i.main) refers to main.o(.data) for address
    thread.o(i.Blink_Thread) refers to rt_cmsis.o(i.osSignalClear) for osSignalClear
    thread.o(i.Blink_Thread) refers to rt_cmsis.o(i.osSignalWait) for osSignalWait
    thread.o(i.Blink_Thread) refers to rt_cmsis.o(i.osSignalSet) for osSignalSet
    thread.o(i.Blink_Thread) refers to my_headers.o(i.Blink_LED) for Blink_LED
    thread.o(i.Blink_Thread) refers to rt_cmsis.o(i.osDelay) for osDelay
    thread.o(i.Blink_Thread) refers to rt_cmsis.o(i.osThreadYield) for osThreadYield
    thread.o(i.Blink_Thread) refers to thread.o(.data) for tid_Blink_Thread
    thread.o(i.Button_Thread) refers to rt_cmsis.o(i.osSignalClear) for osSignalClear
    thread.o(i.Button_Thread) refers to my_headers.o(i.Blink_LED) for Blink_LED
    thread.o(i.Button_Thread) refers to rt_cmsis.o(i.osDelay) for osDelay
    thread.o(i.Button_Thread) refers to rt_cmsis.o(i.osSignalSet) for osSignalSet
    thread.o(i.Button_Thread) refers to rt_cmsis.o(i.osThreadYield) for osThreadYield
    thread.o(i.Button_Thread) refers to thread.o(.data) for flag
    thread.o(i.I2C_I2S_Thread) refers to rt_cmsis.o(i.osSignalWait) for osSignalWait
    thread.o(i.I2C_I2S_Thread) refers to rt_cmsis.o(i.osSignalSet) for osSignalSet
    thread.o(i.I2C_I2S_Thread) refers to stm32f4xx_hal_i2s.o(i.HAL_I2S_Transmit_IT) for HAL_I2S_Transmit_IT
    thread.o(i.I2C_I2S_Thread) refers to rt_cmsis.o(i.osDelay) for osDelay
    thread.o(i.I2C_I2S_Thread) refers to rt_cmsis.o(i.osThreadYield) for osThreadYield
    thread.o(i.I2C_I2S_Thread) refers to thread.o(.constdata) for .constdata
    thread.o(i.I2C_I2S_Thread) refers to thread.o(.data) for tid_I2C_I2S_Thread
    thread.o(i.Init_Blink_Thread) refers to rt_cmsis.o(i.osThreadCreate) for osThreadCreate
    thread.o(i.Init_Blink_Thread) refers to thread.o(.constdata) for os_thread_def_Blink_Thread
    thread.o(i.Init_Blink_Thread) refers to thread.o(.data) for tid_Blink_Thread
    thread.o(i.Init_Button_Thread) refers to rt_cmsis.o(i.osThreadCreate) for osThreadCreate
    thread.o(i.Init_Button_Thread) refers to thread.o(.constdata) for os_thread_def_Button_Thread
    thread.o(i.Init_Button_Thread) refers to thread.o(.data) for tid_Button_Thread
    thread.o(i.Init_I2C_I2S_Thread) refers to rt_cmsis.o(i.osThreadCreate) for osThreadCreate
    thread.o(i.Init_I2C_I2S_Thread) refers to thread.o(.constdata) for os_thread_def_I2C_I2S_Thread
    thread.o(i.Init_I2C_I2S_Thread) refers to thread.o(.data) for tid_I2C_I2S_Thread
    thread.o(i.Init_SPI_Thread) refers to rt_cmsis.o(i.osThreadCreate) for osThreadCreate
    thread.o(i.Init_SPI_Thread) refers to thread.o(.constdata) for os_thread_def_SPI_Thread
    thread.o(i.Init_SPI_Thread) refers to thread.o(.data) for tid_SPI_Thread
    thread.o(i.SPI_Thread) refers to rt_cmsis.o(i.osSignalSet) for osSignalSet
    thread.o(i.SPI_Thread) refers to rt_cmsis.o(i.osSignalWait) for osSignalWait
    thread.o(i.SPI_Thread) refers to stm32f4xx_hal_spi.o(i.HAL_SPI_Transmit) for HAL_SPI_Transmit
[...]
    $v0                                      0x080003e4   Number         0  startup_stm32f407xx.o(.text)
    .text                                    0x08000424   Section        8  libspace.o(.text)
    .text                                    0x0800042c   Section        0  exit.o(.text)
    .text                                    0x0800043e   Section        0  heapauxi.o(.text)
    .text                                    0x08000444   Section        0  sys_exit.o(.text)
    .text                                    0x08000450   Section       74  sys_stackheap_outer.o(.text)
    .text                                    0x0800049a   Section        2  use_no_semi.o(.text)
    .text                                    0x0800049c   Section        0  indicate_semi.o(.text)
    SVC_TABLE                                0x0800049c   Section        4  svc_table.o(SVC_TABLE)
    i.Blink_LED                              0x080004a0   Section        0  my_headers.o(i.Blink_LED)
    i.Blink_Thread                           0x080004c0   Section        0  thread.o(i.Blink_Thread)
    i.Button_Thread                          0x0800053c   Section        0  thread.o(i.Button_Thread)
    i.HAL_GPIO_Init                          0x0800064c   Section        0  stm32f4xx_hal_gpio.o(i.HAL_GPIO_Init)
    i.HAL_GetTick                            0x08000840   Section        0  stm32f4xx_hal.o(i.HAL_GetTick)
    i.HAL_I2C_Init                           0x0800084c   Section        0  stm32f4xx_hal_i2c.o(i.HAL_I2C_Init)
    i.HAL_I2C_Master_Transmit                0x08000a1c   Section        0  stm32f4xx_hal_i2c.o(i.HAL_I2C_Master_Transmit)
    i.HAL_I2C_MspInit                        0x08000b8c   Section        0  stm32f4xx_hal_i2c.o(i.HAL_I2C_MspInit)
    i.HAL_I2SEx_FullDuplex_IRQHandler        0x08000b90   Section        0  stm32f4xx_hal_i2s_ex.o(i.HAL_I2SEx_FullDuplex_IRQHandler)
    i.HAL_I2SEx_TxRxCpltCallback             0x08000dd4   Section        0  stm32f4xx_hal_i2s_ex.o(i.HAL_I2SEx_TxRxCpltCallback)
    i.HAL_I2S_ErrorCallback                  0x08000dd6   Section        0  stm32f4xx_hal_i2s.o(i.HAL_I2S_ErrorCallback)
    i.HAL_I2S_Init                           0x08000dd8   Section        0  stm32f4xx_hal_i2s.o(i.HAL_I2S_Init)
    i.HAL_I2S_MspInit                        0x08000fa0   Section        0  stm32f4xx_hal_i2s.o(i.HAL_I2S_MspInit)
    i.HAL_I2S_RxCpltCallback                 0x08000fa2   Section        0  stm32f4xx_hal_i2s.o(i.HAL_I2S_RxCpltCallback)
    i.HAL_I2S_Transmit_IT                    0x08000fa4   Section        0  stm32f4xx_hal_i2s.o(i.HAL_I2S_Transmit_IT)
    i.HAL_I2S_TxCpltCallback                 0x08001046   Section        0  stm32f4xx_hal_i2s.o(i.HAL_I2S_TxCpltCallback)
    i.HAL_RCCEx_GetPeriphCLKFreq             0x08001048   Section        0  stm32f4xx_hal_rcc_ex.o(i.HAL_RCCEx_GetPeriphCLKFreq)
    i.HAL_RCC_GetHCLKFreq                    0x080010d8   Section        0  stm32f4xx_hal_rcc.o(i.HAL_RCC_GetHCLKFreq)
    i.HAL_RCC_GetPCLK1Freq                   0x080010e4   Section        0  stm32f4xx_hal_rcc.o(i.HAL_RCC_GetPCLK1Freq)
    i.HAL_SPI_Init                           0x08001104   Section        0  stm32f4xx_hal_spi.o(i.HAL_SPI_Init)
    i.HAL_SPI_MspInit                        0x080011e2   Section        0  stm32f4xx_hal_spi.o(i.HAL_SPI_MspInit)
    i.HAL_SPI_Receive                        0x080011e4   Section        0  stm32f4xx_hal_spi.o(i.HAL_SPI_Receive)
    i.HAL_SPI_Transmit                       0x08001406   Section        0  stm32f4xx_hal_spi.o(i.HAL_SPI_Transmit)
    i.HAL_SPI_TransmitReceive                0x080015ec   Section        0  stm32f4xx_hal_spi.o(i.HAL_SPI_TransmitReceive)
    i.I2C_I2S_Thread                         0x080018c0   Section        0  thread.o(i.I2C_I2S_Thread)
    i.I2C_IsAcknowledgeFailed                0x08001924   Section        0  stm32f4xx_hal_i2c.o(i.I2C_IsAcknowledgeFailed)
    I2C_IsAcknowledgeFailed                  0x08001925   Thumb Code    62  stm32f4xx_hal_i2c.o(i.I2C_IsAcknowledgeFailed)
    i.I2C_MasterRequestWrite                 0x08001964   Section        0  stm32f4xx_hal_i2c.o(i.I2C_MasterRequestWrite)
    I2C_MasterRequestWrite                   0x08001965   Thumb Code   186  stm32f4xx_hal_i2c.o(i.I2C_MasterRequestWrite)
    i.I2C_WaitOnBTFFlagUntilTimeout          0x08001a24   Section        0  stm32f4xx_hal_i2c.o(i.I2C_WaitOnBTFFlagUntilTimeout)
    I2C_WaitOnBTFFlagUntilTimeout            0x08001a25   Thumb Code    92  stm32f4xx_hal_i2c.o(i.I2C_WaitOnBTFFlagUntilTimeout)
    i.I2C_WaitOnFlagUntilTimeout             0x08001a80   Section        0  stm32f4xx_hal_i2c.o(i.I2C_WaitOnFlagUntilTimeout)
    I2C_WaitOnFlagUntilTimeout               0x08001a81   Thumb Code   134  stm32f4xx_hal_i2c.o(i.I2C_WaitOnFlagUntilTimeout)
    i.I2C_WaitOnMasterAddressFlagUntilTimeout 0x08001b06   Section        0  stm32f4xx_hal_i2c.o(i.I2C_WaitOnMasterAddressFlagUntilTimeout)
    I2C_WaitOnMasterAddressFlagUntilTimeout  0x08001b07   Thumb Code   196  stm32f4xx_hal_i2c.o(i.I2C_WaitOnMasterAddressFlagUntilTimeout)
    i.I2C_WaitOnTXEFlagUntilTimeout          0x08001bca   Section        0  stm32f4xx_hal_i2c.o(i.I2C_WaitOnTXEFlagUntilTimeout)
    I2C_WaitOnTXEFlagUntilTimeout            0x08001bcb   Thumb Code    92  stm32f4xx_hal_i2c.o(i.I2C_WaitOnTXEFlagUntilTimeout)
    i.I2SEx_RxISR_I2S                        0x08001c26   Section        0  stm32f4xx_hal_i2s_ex.o(i.I2SEx_RxISR_I2S)
    I2SEx_RxISR_I2S                          0x08001c27   Thumb Code    58  stm32f4xx_hal_i2s_ex.o(i.I2SEx_RxISR_I2S)
    i.I2SEx_RxISR_I2SExt                     0x08001c60   Section        0  stm32f4xx_hal_i2s_ex.o(i.I2SEx_RxISR_I2SExt)
    I2SEx_RxISR_I2SExt                       0x08001c61   Thumb Code   100  stm32f4xx_hal_i2s_ex.o(i.I2SEx_RxISR_I2SExt)
    i.I2SEx_TxISR_I2S                        0x08001ccc   Section        0  stm32f4xx_hal_i2s_ex.o(i.I2SEx_TxISR_I2S)
    I2SEx_TxISR_I2S                          0x08001ccd   Thumb Code    56  stm32f4xx_hal_i2s_ex.o(i.I2SEx_TxISR_I2S)
    i.I2SEx_TxISR_I2SExt                     0x08001d04   Section        0  stm32f4xx_hal_i2s_ex.o(i.I2SEx_TxISR_I2SExt)
    I2SEx_TxISR_I2SExt                       0x08001d05   Thumb Code    98  stm32f4xx_hal_i2s_ex.o(i.I2SEx_TxISR_I2SExt)
    i.I2S_IRQHandler                         0x08001d70   Section        0  stm32f4xx_hal_i2s.o(i.I2S_IRQHandler)
    I2S_IRQHandler                           0x08001d71   Thumb Code   220  stm32f4xx_hal_i2s.o(i.I2S_IRQHandler)
    i.I2S_Receive_IT                         0x08001e4c   Section        0  stm32f4xx_hal_i2s.o(i.I2S_Receive_IT)
    I2S_Receive_IT                           0x08001e4d   Thumb Code    54  stm32f4xx_hal_i2s.o(i.I2S_Receive_IT)
    i.I2S_Transmit_IT                        0x08001e82   Section        0  stm32f4xx_hal_i2s.o(i.I2S_Transmit_IT)
    I2S_Transmit_IT                          0x08001e83   Thumb Code    54  stm32f4xx_hal_i2s.o(i.I2S_Transmit_IT)
    i.Init_Blink_Thread                      0x08001eb8   Section        0  thread.o(i.Init_Blink_Thread)
    i.Init_Button_Thread                     0x08001ee0   Section        0  thread.o(i.Init_Button_Thread)
    i.Init_I2C_I2S_Thread                    0x08001f08   Section        0  thread.o(i.Init_I2C_I2S_Thread)
    i.Init_SPI_Thread                        0x08001f30   Section        0  thread.o(i.Init_SPI_Thread)
    i.Initialise_I2C_I2S                     0x08001f58   Section        0  my_headers.o(i.Initialise_I2C_I2S)
    i.Initialise_SPI_LEDs                    0x08002144   Section        0  my_headers.o(i.Initialise_SPI_LEDs)
    i.Initialise_button                      0x08002280   Section        0  my_headers.o(i.Initialise_button)
    i.SPI_EndRxTransaction                   0x08002294   Section        0  stm32f4xx_hal_spi.o(i.SPI_EndRxTransaction)
    SPI_EndRxTransaction                     0x08002295   Thumb Code   148  stm32f4xx_hal_spi.o(i.SPI_EndRxTransaction)
    i.SPI_EndRxTxTransaction                 0x08002328   Section        0  stm32f4xx_hal_spi.o(i.SPI_EndRxTxTransaction)
    SPI_EndRxTxTransaction                   0x08002329   Thumb Code   100  stm32f4xx_hal_spi.o(i.SPI_EndRxTxTransaction)
    i.SPI_Thread                             0x08002394   Section        0  thread.o(i.SPI_Thread)
    i.SPI_WaitFlagStateUntilTimeout          0x08002550   Section        0  stm32f4xx_hal_spi.o(i.SPI_WaitFlagStateUntilTimeout)
    SPI_WaitFlagStateUntilTimeout            0x08002551   Thumb Code   210  stm32f4xx_hal_spi.o(i.SPI_WaitFlagStateUntilTimeout)
    i.SystemCoreClockUpdate                  0x08002628   Section        0  system_stm32f4xx.o(i.SystemCoreClockUpdate)
    i.SystemInit                             0x080026e8   Section        0  system_stm32f4xx.o(i.SystemInit)
    i._init_box                              0x080027fc   Section        0  rt_membox.o(i._init_box)
    i._mutex_acquire                         0x08002844   Section        0  rtx_conf_cm.o(i._mutex_acquire)
    __tagsym$$used                           0x08002845   Number         0  rtx_conf_cm.o(i._mutex_acquire)
    i._mutex_release                         0x08002864   Section        0  rtx_conf_cm.o(i._mutex_release)
    __tagsym$$used                           0x08002865   Number         0  rtx_conf_cm.o(i._mutex_release)
    i.dbg_init                               0x08002880   Section        0  hal_cm.o(i.dbg_init)
    i.dbg_task_notify                        0x080028b0   Section        0  hal_cm.o(i.dbg_task_notify)
    i.dbg_task_switch                        0x080028d0   Section        0  hal_cm.o(i.dbg_task_switch)
    i.isrMessageGet                          0x080028e0   Section        0  rt_cmsis.o(i.isrMessageGet)
    i.isrMessagePut                          0x0800290a   Section        0  rt_cmsis.o(i.isrMessagePut)
    i.isrSignalSet                           0x08002936   Section        0  rt_cmsis.o(i.isrSignalSet)
    i.isr_evt_set                            0x0800295c   Section        0  rt_event.o(i.isr_evt_set)
    i.isr_mbx_receive                        0x08002984   Section        0  rt_mailbox.o(i.isr_mbx_receive)
    i.isr_mbx_send                           0x080029d6   Section        0  rt_mailbox.o(i.isr_mbx_send)
    i.main                                   0x080029e4   Section        0  main.o(i.main)
    i.osDelay                                0x08002a54   Section        0  rt_cmsis.o(i.osDelay)
    i.osKernelInitialize                     0x08002a6c   Section        0  rt_cmsis.o(i.osKernelInitialize)
    i.osKernelStart                          0x08002a90   Section        0  rt_cmsis.o(i.osKernelStart)
    i.osMessageGet                           0x08002afc   Section        0  rt_cmsis.o(i.osMessageGet)
    i.osSignalClear                          0x08002b14   Section        0  rt_cmsis.o(i.osSignalClear)
    i.osSignalSet                            0x08002b2c   Section        0  rt_cmsis.o(i.osSignalSet)
    i.osSignalWait                           0x08002b44   Section        0  rt_cmsis.o(i.osSignalWait)
    i.osThreadCreate                         0x08002b5c   Section        0  rt_cmsis.o(i.osThreadCreate)
    i.osThreadExit                           0x08002b8c   Section        0  rt_cmsis.o(i.osThreadExit)
    i.osThreadYield                          0x08002ba4   Section        0  rt_cmsis.o(i.osThreadYield)
    i.osTimerCall                            0x08002bbc   Section        0  rt_cmsis.o(i.osTimerCall)
    i.osTimerThread                          0x08002bc8   Section        0  rt_cmsis.o(i.osTimerThread)
    i.os_error                               0x08002bf4   Section        0  rtx_conf_cm.o(i.os_error)
    i.os_idle_demon                          0x08002c16   Section        0  rtx_conf_cm.o(i.os_idle_demon)
    i.os_tick_init                           0x08002c1c   Section        0  rt_system.o(i.os_tick_init)
    i.os_tick_irqack                         0x08002c44   Section        0  rt_system.o(i.os_tick_irqack)
    i.rt_alloc_box                           0x08002c46   Section        0  rt_membox.o(i.rt_alloc_box)
    i.rt_alloc_mem                           0x08002c60   Section        0  rt_memory.o(i.rt_alloc_mem)
    i.rt_block                               0x08002ca0   Section        0  rt_task.o(i.rt_block)
    i.rt_chk_robin                           0x08002cd8   Section        0  rt_robin.o(i.rt_chk_robin)
    i.rt_dec_dly                             0x08002d20   Section        0  rt_list.o(i.rt_dec_dly)
    i.rt_dispatch                            0x08002d90   Section        0  rt_task.o(i.rt_dispatch)
    i.rt_dly_wait                            0x08002dd4   Section        0  rt_time.o(i.rt_dly_wait)
    i.rt_evt_clr                             0x08002ddc   Section        0  rt_event.o(i.rt_evt_clr)
    i.rt_evt_psh                             0x08002df8   Section        0  rt_event.o(i.rt_evt_psh)
    i.rt_evt_set                             0x08002e48   Section        0  rt_event.o(i.rt_evt_set)
    i.rt_evt_wait                            0x08002ea4   Section        0  rt_event.o(i.rt_evt_wait)
    i.rt_free_box                            0x08002ee0   Section        0  rt_membox.o(i.rt_free_box)
    i.rt_free_mem                            0x08002f0c   Section        0  rt_memory.o(i.rt_free_mem)
    i.rt_get_first                           0x08002f34   Section        0  rt_list.o(i.rt_get_first)
    i.rt_get_same_rdy_prio                   0x08002f5c   Section        0  rt_list.o(i.rt_get_same_rdy_prio)
    i.rt_id2obj                              0x08002f80   Section        0  rt_cmsis.o(i.rt_id2obj)
    rt_id2obj                                0x08002f81   Thumb Code     8  rt_cmsis.o(i.rt_id2obj)
    i.rt_init_context                        0x08002f88   Section        0  rt_task.o(i.rt_init_context)
    rt_init_context                          0x08002f89   Thumb Code    66  rt_task.o(i.rt_init_context)
    i.rt_init_mem                            0x08002fd0   Section        0  rt_memory.o(i.rt_init_mem)
    i.rt_init_robin                          0x08002fec   Section        0  rt_robin.o(i.rt_init_robin)
    i.rt_init_stack                          0x08003004   Section        0  hal_cm.o(i.rt_init_stack)
    i.rt_mbx_check                           0x08003084   Section        0  rt_mailbox.o(i.rt_mbx_check)
    i.rt_mbx_init                            0x0800308c   Section        0  rt_mailbox.o(i.rt_mbx_init)
    i.rt_mbx_psh                             0x080030a8   Section        0  rt_mailbox.o(i.rt_mbx_psh)
    i.rt_mbx_wait                            0x08003198   Section        0  rt_mailbox.o(i.rt_mbx_wait)
    i.rt_ms2tick                             0x0800324c   Section        0  rt_cmsis.o(i.rt_ms2tick)
    rt_ms2tick                               0x0800324d   Thumb Code    58  rt_cmsis.o(i.rt_ms2tick)
    i.rt_mut_release                         0x08003290   Section        0  rt_mutex.o(i.rt_mut_release)
    i.rt_mut_wait                            0x08003368   Section        0  rt_mutex.o(i.rt_mut_wait)
    i.rt_pop_req                             0x080033d0   Section        0  rt_system.o(i.rt_pop_req)
    i.rt_psh_req                             0x0800344c   Section        0  rt_system.o(i.rt_psh_req)
    i.rt_psq_enq                             0x0800346c   Section        0  rt_list.o(i.rt_psq_enq)
    i.rt_put_dly                             0x080034c8   Section        0  rt_list.o(i.rt_put_dly)
    i.rt_put_prio                            0x08003510   Section        0  rt_list.o(i.rt_put_prio)
    i.rt_put_rdy_first                       0x08003548   Section        0  rt_list.o(i.rt_put_rdy_first)
    i.rt_resort_prio                         0x0800355c   Section        0  rt_list.o(i.rt_resort_prio)
    i.rt_ret_regs                            0x08003590   Section        0  hal_cm.o(i.rt_ret_regs)
    rt_ret_regs                              0x08003591   Thumb Code    16  hal_cm.o(i.rt_ret_regs)
    i.rt_ret_val                             0x080035a0   Section        0  hal_cm.o(i.rt_ret_val)
    i.rt_ret_val2                            0x080035ac   Section        0  hal_cm.o(i.rt_ret_val2)
    i.rt_rmv_dly                             0x080035bc   Section        0  rt_list.o(i.rt_rmv_dly)
    i.rt_rmv_list                            0x080035e4   Section        0  rt_list.o(i.rt_rmv_list)
    i.rt_sem_psh                             0x08003614   Section        0  rt_semaphore.o(i.rt_sem_psh)
    i.rt_stk_check                           0x08003648   Section        0  rt_system.o(i.rt_stk_check)
    i.rt_switch_req                          0x0800366c   Section        0  rt_task.o(i.rt_switch_req)
    i.rt_sys_init                            0x08003694   Section        0  rt_task.o(i.rt_sys_init)
    i.rt_sys_start                           0x08003760   Section        0  rt_task.o(i.rt_sys_start)
    i.rt_systick                             0x080037d8   Section        0  rt_system.o(i.rt_systick)
    i.rt_tid2ptcb                            0x08003818   Section        0  rt_cmsis.o(i.rt_tid2ptcb)
    rt_tid2ptcb                              0x08003819   Thumb Code    18  rt_cmsis.o(i.rt_tid2ptcb)
    i.rt_timer_insert                        0x0800382c   Section        0  rt_cmsis.o(i.rt_timer_insert)
    rt_timer_insert                          0x0800382d   Thumb Code    48  rt_cmsis.o(i.rt_timer_insert)
    i.rt_tsk_create                          0x08003860   Section        0  rt_task.o(i.rt_tsk_create)
    i.rt_tsk_delete                          0x080038e8   Section        0  rt_task.o(i.rt_tsk_delete)
    i.rt_tsk_pass                            0x08003a64   Section        0  rt_task.o(i.rt_tsk_pass)
    i.rt_tsk_prio                            0x08003a94   Section        0  rt_task.o(i.rt_tsk_prio)
    i.rt_tsk_self                            0x08003b10   Section        0  rt_task.o(i.rt_tsk_self)
    i.svcDelay                               0x08003b20   Section        0  rt_cmsis.o(i.svcDelay)
    i.svcKernelInitialize                    0x08003b34   Section        0  rt_cmsis.o(i.svcKernelInitialize)
    i.svcKernelStart                         0x08003ba4   Section        0  rt_cmsis.o(i.svcKernelStart)
    i.svcMessageCreate                       0x08003bec   Section        0  rt_cmsis.o(i.svcMessageCreate)
    i.svcMessageGet                          0x08003c10   Section        0  rt_cmsis.o(i.svcMessageGet)
    i.svcSignalClear                         0x08003c4a   Section        0  rt_cmsis.o(i.svcSignalClear)
    i.svcSignalSet                           0x08003c6e   Section        0  rt_cmsis.o(i.svcSignalSet)
    i.svcSignalWait                          0x08003c94   Section        0  rt_cmsis.o(i.svcSignalWait)
    i.svcThreadCreate                        0x08003ce8   Section        0  rt_cmsis.o(i.svcThreadCreate)
    i.svcThreadGetId                         0x08003d58   Section        0  rt_cmsis.o(i.svcThreadGetId)
    i.svcThreadTerminate                     0x08003d74   Section        0  rt_cmsis.o(i.svcThreadTerminate)
    i.svcThreadYield                         0x08003dac   Section        0  rt_cmsis.o(i.svcThreadYield)
    i.svcTimerCall                           0x08003db6   Section        0  rt_cmsis.o(i.svcTimerCall)
    i.sysTimerTick                           0x08003dd0   Section        0  rt_cmsis.o(i.sysTimerTick)
    x$fpl$fpinit                             0x08003e2c   Section       10  fpinit.o(x$fpl$fpinit)
    $v0                                      0x08003e2c   Number         0  fpinit.o(x$fpl$fpinit)
    .constdata                               0x08003e38   Section       80  thread.o(.constdata)
    .constdata                               0x08003e88   Section       86  rtx_conf_cm.o(.constdata)
    __tagsym$$used                           0x08003ea4   Number         0  rtx_conf_cm.o(.constdata)
    __tagsym$$used                           0x08003ea8   Number         0  rtx_conf_cm.o(.constdata)
    __tagsym$$used                           0x08003eac   Number         0  rtx_conf_cm.o(.constdata)
    __tagsym$$used                           0x08003eb0   Number         0  rtx_conf_cm.o(.constdata)
    .constdata                               0x08003ede   Section       24  system_stm32f4xx.o(.constdata)
    .data                                    0x20000000   Section       12  main.o(.data)
    .data                                    0x2000000c   Section       28  thread.o(.data)
    .data                                    0x20000028   Section       36  rtx_conf_cm.o(.data)
    nr_mutex                                 0x20000038   Data           4  rtx_conf_cm.o(.data)
    .data                                    0x2000004c   Section        9  stm32f4xx_hal.o(.data)
    .data                                    0x20000058   Section        4  system_stm32f4xx.o(.data)
    .data                                    0x2000005c   Section        8  rt_cmsis.o(.data)
    .data                                    0x20000064   Section        8  rt_task.o(.data)
    .data                                    0x2000006c   Section        8  rt_system.o(.data)
    os_lock                                  0x2000006c   Data           1  rt_system.o(.data)
    os_psh_flag                              0x2000006d   Data           1  rt_system.o(.data)
    pend_flags                               0x2000006e   Data           1  rt_system.o(.data)
    .data                                    0x20000074   Section        4  rt_time.o(.data)
    .data                                    0x20000078   Section        8  rt_robin.o(.data)
    .data                                    0x20000080   Section        1  hal_cm.o(.data)
    .bss                                     0x20000084   Section      260  main.o(.bss)
    .bss                                     0x20000188   Section     3016  rtx_conf_cm.o(.bss)
    std_libspace                             0x20000a30   Data         672  rtx_conf_cm.o(.bss)
    std_libmutex                             0x20000cd0   Data         128  rtx_conf_cm.o(.bss)
    .bss                                     0x20000d50   Section       52  rt_task.o(.bss)
    .bss                                     0x20000d84   Section       48  rt_list.o(.bss)
    .bss                                     0x20000db4   Section       96  libspace.o(.bss)
    HEAP                                     0x20000e18   Section      512  startup_stm32f407xx.o(HEAP)
    Heap_Mem                                 0x20000e18   Data         512  startup_stm32f407xx.o(HEAP)
    STACK                                    0x20001018   Section     1024  startup_stm32f407xx.o(STACK)
    Stack_Mem                                0x20001018   Data        1024  startup_stm32f407xx.o(STACK)
    __initial_sp                             0x20001418   Data           0  startup_stm32f407xx.o(STACK)

    Global Symbols

    Symbol Name                              Value     Ov Type        Size  Object(Section)

    BuildAttributes$$THM_ISAv4$E$P$D$K$B$S$7EM$VFPi3$EXTD16$VFPS$VFMA$PE$A:L22UL41UL21$X:L11$S22US41US21$IEEE1$IW$USESV6$~STKCKD$USESV7$~SHL$OSPACE$ROPI$EBA8$UX$STANDARDLIB$REQ8$PRES8$EABIv2 0x00000000   Number         0  anon$$obj.o ABSOLUTE
    __ARM_use_no_argv                        0x00000000   Number         0  main.o ABSOLUTE
    __ARM_exceptions_init                     - Undefined Weak Reference
    __alloca_initialize                       - Undefined Weak Reference
    __arm_preinit_                            - Undefined Weak Reference
    __cpp_initialize__aeabi_                  - Undefined Weak Reference
    __cxa_finalize                            - Undefined Weak Reference
    __rt_locale                               - Undefined Weak Reference
    __sigvec_lookup                           - Undefined Weak Reference
    _atexit_init                              - Undefined Weak Reference
    _call_atexit_fns                          - Undefined Weak Reference
    _clock_init                               - Undefined Weak Reference
    _fp_trap_init                             - Undefined Weak Reference
    _fp_trap_shutdown                         - Undefined Weak Reference
    _get_lc_collate                           - Undefined Weak Reference
    _get_lc_ctype                             - Undefined Weak Reference
    _get_lc_monetary                          - Undefined Weak Reference
    _get_lc_numeric                           - Undefined Weak Reference
    _get_lc_time                              - Undefined Weak Reference
    _getenv_init                              - Undefined Weak Reference
    _handle_redirection                       - Undefined Weak Reference
    _init_alloc                               - Undefined Weak Reference
    _init_user_alloc                          - Undefined Weak Reference
    _initio                                   - Undefined Weak Reference
    _rand_init                                - Undefined Weak Reference
    _signal_finish                            - Undefined Weak Reference
    _signal_init                              - Undefined Weak Reference
    _terminate_alloc                          - Undefined Weak Reference
    _terminate_user_alloc                     - Undefined Weak Reference
    _terminateio                              - Undefined Weak Reference
    __Vectors_Size                           0x00000188   Number         0  startup_stm32f407xx.o ABSOLUTE
    __RL_RTX_VER                             0x00000480   Number         0  rt_system.o ABSOLUTE
    __Vectors                                0x08000000   Data           4  startup_stm32f407xx.o(RESET)
    __Vectors_End                            0x08000188   Data           0  startup_stm32f407xx.o(RESET)
    __main                                   0x08000189   Thumb Code     8  __main.o(!!!main)
    __scatterload                            0x08000191   Thumb Code     0  __scatter.o(!!!scatter)
    __scatterload_rt2                        0x08000191   Thumb Code    44  __scatter.o(!!!scatter)
    __scatterload_rt2_thumb_only             0x08000191   Thumb Code     0  __scatter.o(!!!scatter)
    __scatterload_null                       0x0800019f   Thumb Code     0  __scatter.o(!!!scatter)
    __scatterload_copy                       0x080001c5   Thumb Code    26  __scatter_copy.o(!!handler_copy)
    __scatterload_zeroinit                   0x080001e1   Thumb Code    28  __scatter_zi.o(!!handler_zi)
    __rt_lib_init                            0x080001fd   Thumb Code     0  libinit.o(.ARM.Collect$$libinit$$00000000)
    __rt_lib_init_fp_1                       0x080001ff   Thumb Code     0  libinit2.o(.ARM.Collect$$libinit$$00000001)
    __rt_lib_init_alloca_1                   0x08000203   Thumb Code     0  libinit2.o(.ARM.Collect$$libinit$$0000002E)
    __rt_lib_init_argv_1                     0x08000203   Thumb Code     0  libinit2.o(.ARM.Collect$$libinit$$0000002C)
    __rt_lib_init_atexit_1                   0x08000203   Thumb Code     0  libinit2.o(.ARM.Collect$$libinit$$0000001B)
    __rt_lib_init_clock_1                    0x08000203   Thumb Code     0  libinit2.o(.ARM.Collect$$libinit$$00000021)
    __rt_lib_init_cpp_1                      0x08000203   Thumb Code     0  libinit2.o(.ARM.Collect$$libinit$$00000032)
    __rt_lib_init_exceptions_1               0x08000203   Thumb Code     0  libinit2.o(.ARM.Collect$$libinit$$00000030)
    __rt_lib_init_fp_trap_1                  0x08000203   Thumb Code     0  libinit2.o(.ARM.Collect$$libinit$$0000001F)
    __rt_lib_init_getenv_1                   0x08000203   Thumb Code     0  libinit2.o(.ARM.Collect$$libinit$$00000023)
    __rt_lib_init_heap_1                     0x08000203   Thumb Code     0  libinit2.o(.ARM.Collect$$libinit$$0000000A)
    __rt_lib_init_lc_collate_1               0x08000203   Thumb Code     0  libinit2.o(.ARM.Collect$$libinit$$00000011)
    __rt_lib_init_lc_ctype_1                 0x08000203   Thumb Code     0  libinit2.o(.ARM.Collect$$libinit$$00000013)
    __rt_lib_init_lc_monetary_1              0x08000203   Thumb Code     0  libinit2.o(.ARM.Collect$$libinit$$00000015)
    __rt_lib_init_lc_numeric_1               0x08000203   Thumb Code     0  libinit2.o(.ARM.Collect$$libinit$$00000017)
    __rt_lib_init_lc_time_1                  0x08000203   Thumb Code     0  libinit2.o(.ARM.Collect$$libinit$$00000019)
    __rt_lib_init_preinit_1                  0x08000203   Thumb Code     0  libinit2.o(.ARM.Collect$$libinit$$00000004)
    __rt_lib_init_rand_1                     0x08000203   Thumb Code     0  libinit2.o(.ARM.Collect$$libinit$$0000000E)
    __rt_lib_init_return                     0x08000203   Thumb Code     0  libinit2.o(.ARM.Collect$$libinit$$00000033)
    __rt_lib_init_signal_1                   0x08000203   Thumb Code     0  libinit2.o(.ARM.Collect$$libinit$$0000001D)
    __rt_lib_init_stdio_1                    0x08000203   Thumb Code     0  libinit2.o(.ARM.Collect$$libinit$$00000025)
    __rt_lib_init_user_alloc_1               0x08000203   Thumb Code     0  libinit2.o(.ARM.Collect$$libinit$$0000000C)
    __rt_lib_shutdown                        0x08000205   Thumb Code     0  libshutdown.o(.ARM.Collect$$libshutdown$$00000000)
    __rt_lib_shutdown_cpp_1                  0x08000207   Thumb Code     0  libshutdown2.o(.ARM.Collect$$libshutdown$$00000002)
    __rt_lib_shutdown_fp_trap_1              0x08000207   Thumb Code     0  libshutdown2.o(.ARM.Collect$$libshutdown$$00000007)
    __rt_lib_shutdown_heap_1                 0x08000207   Thumb Code     0  libshutdown2.o(.ARM.Collect$$libshutdown$$0000000F)
    __rt_lib_shutdown_return                 0x08000207   Thumb Code     0  libshutdown2.o(.ARM.Collect$$libshutdown$$00000010)
    __rt_lib_shutdown_signal_1               0x08000207   Thumb Code     0  libshutdown2.o(.ARM.Collect$$libshutdown$$0000000A)
    __rt_lib_shutdown_stdio_1                0x08000207   Thumb Code     0  libshutdown2.o(.ARM.Collect$$libshutdown$$00000004)
    __rt_lib_shutdown_user_alloc_1           0x08000207   Thumb Code     0  libshutdown2.o(.ARM.Collect$$libshutdown$$0000000C)
    __rt_entry                               0x08000209   Thumb Code     0  __rtentry.o(.ARM.Collect$$rtentry$$00000000)
    __rt_entry_presh_1                       0x08000209   Thumb Code     0  __rtentry2.o(.ARM.Collect$$rtentry$$00000002)
    __rt_entry_sh                            0x08000209   Thumb Code     0  __rtentry4.o(.ARM.Collect$$rtentry$$00000004)
    __rt_entry_li                            0x0800020f   Thumb Code     0  __rtentry2.o(.ARM.Collect$$rtentry$$0000000A)
    __rt_entry_postsh_1                      0x0800020f   Thumb Code     0  __rtentry2.o(.ARM.Collect$$rtentry$$00000009)
    __rt_entry_postli_1                      0x08000213   Thumb Code     0  __rtentry2.o(.ARM.Collect$$rtentry$$0000000B)
    __rt_entry_main                          0x0800021b   Thumb Code     0  __rtentry2.o(.ARM.Collect$$rtentry$$0000000D)
    __rt_exit                                0x08000223   Thumb Code     0  rtexit.o(.ARM.Collect$$rtexit$$00000000)
    __rt_exit_ls                             0x08000225   Thumb Code     0  rtexit2.o(.ARM.Collect$$rtexit$$00000003)
    __rt_exit_prels_1                        0x08000225   Thumb Code     0  rtexit2.o(.ARM.Collect$$rtexit$$00000002)
    __rt_exit_exit                           0x08000229   Thumb Code     0  rtexit2.o(.ARM.Collect$$rtexit$$00000004)
    _platform_post_lib_init                  0x08000231   Thumb Code    24  rtx_conf_cm.o(.emb_text)
    rt_set_PSP                               0x0800024d   Thumb Code     6  hal_cm4.o(.emb_text)
    rt_get_PSP                               0x08000253   Thumb Code     6  hal_cm4.o(.emb_text)
    os_set_env                               0x08000259   Thumb Code    24  hal_cm4.o(.emb_text)
    _alloc_box                               0x08000275   Thumb Code    28  hal_cm4.o(.emb_text)
    _free_box                                0x08000295   Thumb Code    28  hal_cm4.o(.emb_text)
    SVC_Handler                              0x080002b5   Thumb Code   168  hal_cm4.o(.emb_text)
    PendSV_Handler                           0x0800036d   Thumb Code    96  hal_cm4.o(.emb_text)
    SysTick_Handler                          0x080003d1   Thumb Code     8  hal_cm4.o(.emb_text)
    OS_Tick_Handler                          0x080003d9   Thumb Code    12  hal_cm4.o(.emb_text)
    Reset_Handler                            0x080003e5   Thumb Code     8  startup_stm32f407xx.o(.text)
    NMI_Handler                              0x080003ed   Thumb Code     2  startup_stm32f407xx.o(.text)
    HardFault_Handler                        0x080003ef   Thumb Code     2  startup_stm32f407xx.o(.text)
    MemManage_Handler                        0x080003f1   Thumb Code     2  startup_stm32f407xx.o(.text)
    BusFault_Handler                         0x080003f3   Thumb Code     2  startup_stm32f407xx.o(.text)
    UsageFault_Handler                       0x080003f5   Thumb Code     2  startup_stm32f407xx.o(.text)
    DebugMon_Handler                         0x080003f9   Thumb Code     2  startup_stm32f407xx.o(.text)
    ADC_IRQHandler                           0x080003ff   Thumb Code     0  startup_stm32f407xx.o(.text)
    CAN1_RX0_IRQHandler                      0x080003ff   Thumb Code     0  startup_stm32f407xx.o(.text)
    CAN1_RX1_IRQHandler                      0x080003ff   Thumb Code     0  startup_stm32f407xx.o(.text)
    CAN1_SCE_IRQHandler                      0x080003ff   Thumb Code     0  startup_stm32f407xx.o(.text)
    CAN1_TX_IRQHandler                       0x080003ff   Thumb Code     0  startup_stm32f407xx.o(.text)
    CAN2_RX0_IRQHandler                      0x080003ff   Thumb Code     0  startup_stm32f407xx.o(.text)
    CAN2_RX1_IRQHandler                      0x080003ff   Thumb Code     0  startup_stm32f407xx.o(.text)
    CAN2_SCE_IRQHandler                      0x080003ff   Thumb Code     0  startup_stm32f407xx.o(.text)
    CAN2_TX_IRQHandler                       0x080003ff   Thumb Code     0  startup_stm32f407xx.o(.text)
    DCMI_IRQHandler                          0x080003ff   Thumb Code     0  startup_stm32f407xx.o(.text)
    DMA1_Stream0_IRQHandler                  0x080003ff   Thumb Code     0  startup_stm32f407xx.o(.text)
    DMA1_Stream1_IRQHandler                  0x080003ff   Thumb Code     0  startup_stm32f407xx.o(.text)
    DMA1_Stream2_IRQHandler                  0x080003ff   Thumb Code     0  startup_stm32f407xx.o(.text)
    DMA1_Stream3_IRQHandler                  0x080003ff   Thumb Code     0  startup_stm32f407xx.o(.text)
    DMA1_Stream4_IRQHandler                  0x080003ff   Thumb Code     0  startup_stm32f407xx.o(.text)
    DMA1_Stream5_IRQHandler                  0x080003ff   Thumb Code     0  startup_stm32f407xx.o(.text)
    DMA1_Stream6_IRQHandler                  0x080003ff   Thumb Code     0  startup_stm32f407xx.o(.text)
    DMA1_Stream7_IRQHandler                  0x080003ff   Thumb Code     0  startup_stm32f407xx.o(.text)
    DMA2_Stream0_IRQHandler                  0x080003ff   Thumb Code     0  startup_stm32f407xx.o(.text)
    DMA2_Stream1_IRQHandler                  0x080003ff   Thumb Code     0  startup_stm32f407xx.o(.text)
    DMA2_Stream2_IRQHandler                  0x080003ff   Thumb Code     0  startup_stm32f407xx.o(.text)
    DMA2_Stream3_IRQHandler                  0x080003ff   Thumb Code     0  startup_stm32f407xx.o(.text)
    DMA2_Stream4_IRQHandler                  0x080003ff   Thumb Code     0  startup_stm32f407xx.o(.text)
    DMA2_Stream5_IRQHandler                  0x080003ff   Thumb Code     0  startup_stm32f407xx.o(.text)
    DMA2_Stream6_IRQHandler                  0x080003ff   Thumb Code     0  startup_stm32f407xx.o(.text)
    DMA2_Stream7_IRQHandler                  0x080003ff   Thumb Code     0  startup_stm32f407xx.o(.text)
    ETH_IRQHandler                           0x080003ff   Thumb Code     0  startup_stm32f407xx.o(.text)
    ETH_WKUP_IRQHandler                      0x080003ff   Thumb Code     0  startup_stm32f407xx.o(.text)
    EXTI0_IRQHandler                         0x080003ff   Thumb Code     0  startup_stm32f407xx.o(.text)
    EXTI15_10_IRQHandler                     0x080003ff   Thumb Code     0  startup_stm32f407xx.o(.text)
    EXTI1_IRQHandler                         0x080003ff   Thumb Code     0  startup_stm32f407xx.o(.text)
    EXTI2_IRQHandler                         0x080003ff   Thumb Code     0  startup_stm32f407xx.o(.text)
    EXTI3_IRQHandler                         0x080003ff   Thumb Code     0  startup_stm32f407xx.o(.text)
    EXTI4_IRQHandler                         0x080003ff   Thumb Code     0  startup_stm32f407xx.o(.text)
    EXTI9_5_IRQHandler                       0x080003ff   Thumb Code     0  startup_stm32f407xx.o(.text)
    FLASH_IRQHandler                         0x080003ff   Thumb Code     0  startup_stm32f407xx.o(.text)
    FMC_IRQHandler                           0x080003ff   Thumb Code     0  startup_stm32f407xx.o(.text)
    FPU_IRQHandler                           0x080003ff   Thumb Code     0  startup_stm32f407xx.o(.text)
    HASH_RNG_IRQHandler                      0x080003ff   Thumb Code     0  startup_stm32f407xx.o(.text)
    I2C1_ER_IRQHandler                       0x080003ff   Thumb Code     0  startup_stm32f407xx.o(.text)
    I2C1_EV_IRQHandler                       0x080003ff   Thumb Code     0  startup_stm32f407xx.o(.text)
    I2C2_ER_IRQHandler                       0x080003ff   Thumb Code     0  startup_stm32f407xx.o(.text)
    I2C2_EV_IRQHandler                       0x080003ff   Thumb Code     0  startup_stm32f407xx.o(.text)
    I2C3_ER_IRQHandler                       0x080003ff   Thumb Code     0  startup_stm32f407xx.o(.text)
    I2C3_EV_IRQHandler                       0x080003ff   Thumb Code     0  startup_stm32f407xx.o(.text)
    OTG_FS_IRQHandler                        0x080003ff   Thumb Code     0  startup_stm32f407xx.o(.text)
    OTG_FS_WKUP_IRQHandler                   0x080003ff   Thumb Code     0  startup_stm32f407xx.o(.text)
    OTG_HS_EP1_IN_IRQHandler                 0x080003ff   Thumb Code     0  startup_stm32f407xx.o(.text)
    OTG_HS_EP1_OUT_IRQHandler                0x080003ff   Thumb Code     0  startup_stm32f407xx.o(.text)
    OTG_HS_IRQHandler                        0x080003ff   Thumb Code     0  startup_stm32f407xx.o(.text)
    OTG_HS_WKUP_IRQHandler                   0x080003ff   Thumb Code     0  startup_stm32f407xx.o(.text)
    PVD_IRQHandler                           0x080003ff   Thumb Code     0  startup_stm32f407xx.o(.text)
    RCC_IRQHandler                           0x080003ff   Thumb Code     0  startup_stm32f407xx.o(.text)
    RTC_Alarm_IRQHandler                     0x080003ff   Thumb Code     0  startup_stm32f407xx.o(.text)
    RTC_WKUP_IRQHandler                      0x080003ff   Thumb Code     0  startup_stm32f407xx.o(.text)
    SDIO_IRQHandler                          0x080003ff   Thumb Code     0  startup_stm32f407xx.o(.text)
    SPI1_IRQHandler                          0x080003ff   Thumb Code     0  startup_stm32f407xx.o(.text)
    SPI2_IRQHandler                          0x080003ff   Thumb Code     0  startup_stm32f407xx.o(.text)
    SPI3_IRQHandler                          0x080003ff   Thumb Code     0  startup_stm32f407xx.o(.text)
    TAMP_STAMP_IRQHandler                    0x080003ff   Thumb Code     0  startup_stm32f407xx.o(.text)
    TIM1_BRK_TIM9_IRQHandler                 0x080003ff   Thumb Code     0  startup_stm32f407xx.o(.text)
    TIM1_CC_IRQHandler                       0x080003ff   Thumb Code     0  startup_stm32f407xx.o(.text)
    TIM1_TRG_COM_TIM11_IRQHandler            0x080003ff   Thumb Code     0  startup_stm32f407xx.o(.text)
    TIM1_UP_TIM10_IRQHandler                 0x080003ff   Thumb Code     0  startup_stm32f407xx.o(.text)
    TIM2_IRQHandler                          0x080003ff   Thumb Code     0  startup_stm32f407xx.o(.text)
    TIM3_IRQHandler                          0x080003ff   Thumb Code     0  startup_stm32f407xx.o(.text)
    TIM4_IRQHandler                          0x080003ff   Thumb Code     0  startup_stm32f407xx.o(.text)
    TIM5_IRQHandler                          0x080003ff   Thumb Code     0  startup_stm32f407xx.o(.text)
    TIM6_DAC_IRQHandler                      0x080003ff   Thumb Code     0  startup_stm32f407xx.o(.text)
    TIM7_IRQHandler                          0x080003ff   Thumb Code     0  startup_stm32f407xx.o(.text)
    TIM8_BRK_TIM12_IRQHandler                0x080003ff   Thumb Code     0  startup_stm32f407xx.o(.text)
    TIM8_CC_IRQHandler                       0x080003ff   Thumb Code     0  startup_stm32f407xx.o(.text)
    TIM8_TRG_COM_TIM14_IRQHandler            0x080003ff   Thumb Code     0  startup_stm32f407xx.o(.text)
    TIM8_UP_TIM13_IRQHandler                 0x080003ff   Thumb Code     0  startup_stm32f407xx.o(.text)
    UART4_IRQHandler                         0x080003ff   Thumb Code     0  startup_stm32f407xx.o(.text)
    UART5_IRQHandler                         0x080003ff   Thumb Code     0  startup_stm32f407xx.o(.text)
    USART1_IRQHandler                        0x080003ff   Thumb Code     0  startup_stm32f407xx.o(.text)
    USART2_IRQHandler                        0x080003ff   Thumb Code     0  startup_stm32f407xx.o(.text)
    USART3_IRQHandler                        0x080003ff   Thumb Code     0  startup_stm32f407xx.o(.text)
    USART6_IRQHandler                        0x080003ff   Thumb Code     0  startup_stm32f407xx.o(.text)
    WWDG_IRQHandler                          0x080003ff   Thumb Code     0  startup_stm32f407xx.o(.text)
    __user_initial_stackheap                 0x08000401   Thumb Code     0  startup_stm32f407xx.o(.text)
    __user_libspace                          0x08000425   Thumb Code     8  libspace.o(.text)
    __user_perproc_libspace                  0x08000425   Thumb Code     0  libspace.o(.text)
    exit                                     0x0800042d   Thumb Code    18  exit.o(.text)
    __use_two_region_memory                  0x0800043f   Thumb Code     2  heapauxi.o(.text)
    __rt_heap_escrow$2region                 0x08000441   Thumb Code     2  heapauxi.o(.text)
    __rt_heap_expand$2region                 0x08000443   Thumb Code     2  heapauxi.o(.text)
    _sys_exit                                0x08000445   Thumb Code     8  sys_exit.o(.text)
    __user_setup_stackheap                   0x08000451   Thumb Code    74  sys_stackheap_outer.o(.text)
    __I$use$semihosting                      0x0800049b   Thumb Code     0  use_no_semi.o(.text)
    __use_no_semihosting_swi                 0x0800049b   Thumb Code     2  use_no_semi.o(.text)
    SVC_Count                                0x0800049c   Data           4  svc_table.o(SVC_TABLE)
    __semihosting_library_function           0x0800049d   Thumb Code     0  indicate_semi.o(.text)
    Blink_LED                                0x080004a1   Thumb Code    28  my_headers.o(i.Blink_LED)
    SVC_Table                                0x080004a0   Data           0  svc_table.o(SVC_TABLE)
    Blink_Thread                             0x080004c1   Thumb Code   108  thread.o(i.Blink_Thread)
    Button_Thread                            0x0800053d   Thumb Code   228  thread.o(i.Button_Thread)
    HAL_GPIO_Init                            0x0800064d   Thumb Code   454  stm32f4xx_hal_gpio.o(i.HAL_GPIO_Init)
    HAL_GetTick                              0x08000841   Thumb Code     6  stm32f4xx_hal.o(i.HAL_GetTick)
    HAL_I2C_Init                             0x0800084d   Thumb Code   446  stm32f4xx_hal_i2c.o(i.HAL_I2C_Init)
    HAL_I2C_Master_Transmit                  0x08000a1d   Thumb Code   360  stm32f4xx_hal_i2c.o(i.HAL_I2C_Master_Transmit)
    HAL_I2C_MspInit                          0x08000b8d   Thumb Code     2  stm32f4xx_hal_i2c.o(i.HAL_I2C_MspInit)
    HAL_I2SEx_FullDuplex_IRQHandler          0x08000b91   Thumb Code   572  stm32f4xx_hal_i2s_ex.o(i.HAL_I2SEx_FullDuplex_IRQHandler)
    HAL_I2SEx_TxRxCpltCallback               0x08000dd5   Thumb Code     2  stm32f4xx_hal_i2s_ex.o(i.HAL_I2SEx_TxRxCpltCallback)
    HAL_I2S_ErrorCallback                    0x08000dd7   Thumb Code     2  stm32f4xx_hal_i2s.o(i.HAL_I2S_ErrorCallback)
    HAL_I2S_Init                             0x08000dd9   Thumb Code   438  stm32f4xx_hal_i2s.o(i.HAL_I2S_Init)
    HAL_I2S_MspInit                          0x08000fa1   Thumb Code     2  stm32f4xx_hal_i2s.o(i.HAL_I2S_MspInit)
    HAL_I2S_RxCpltCallback                   0x08000fa3   Thumb Code     2  stm32f4xx_hal_i2s.o(i.HAL_I2S_RxCpltCallback)
    HAL_I2S_Transmit_IT                      0x08000fa5   Thumb Code   162  stm32f4xx_hal_i2s.o(i.HAL_I2S_Transmit_IT)
    HAL_I2S_TxCpltCallback                   0x08001047   Thumb Code     2  stm32f4xx_hal_i2s.o(i.HAL_I2S_TxCpltCallback)
    HAL_RCCEx_GetPeriphCLKFreq               0x08001049   Thumb Code   126  stm32f4xx_hal_rcc_ex.o(i.HAL_RCCEx_GetPeriphCLKFreq)
    HAL_RCC_GetHCLKFreq                      0x080010d9   Thumb Code     6  stm32f4xx_hal_rcc.o(i.HAL_RCC_GetHCLKFreq)
    HAL_RCC_GetPCLK1Freq                     0x080010e5   Thumb Code    22  stm32f4xx_hal_rcc.o(i.HAL_RCC_GetPCLK1Freq)
    HAL_SPI_Init                             0x08001105   Thumb Code   222  stm32f4xx_hal_spi.o(i.HAL_SPI_Init)
    HAL_SPI_MspInit                          0x080011e3   Thumb Code     2  stm32f4xx_hal_spi.o(i.HAL_SPI_MspInit)
    HAL_SPI_Receive                          0x080011e5   Thumb Code   546  stm32f4xx_hal_spi.o(i.HAL_SPI_Receive)
    HAL_SPI_Transmit                         0x08001407   Thumb Code   486  stm32f4xx_hal_spi.o(i.HAL_SPI_Transmit)
    HAL_SPI_TransmitReceive                  0x080015ed   Thumb Code   722  stm32f4xx_hal_spi.o(i.HAL_SPI_TransmitReceive)
    I2C_I2S_Thread                           0x080018c1   Thumb Code    92  thread.o(i.I2C_I2S_Thread)
    Init_Blink_Thread                        0x08001eb9   Thumb Code    30  thread.o(i.Init_Blink_Thread)
    Init_Button_Thread                       0x08001ee1   Thumb Code    30  thread.o(i.Init_Button_Thread)
    Init_I2C_I2S_Thread                      0x08001f09   Thumb Code    32  thread.o(i.Init_I2C_I2S_Thread)
    Init_SPI_Thread                          0x08001f31   Thumb Code    32  thread.o(i.Init_SPI_Thread)
    Initialise_I2C_I2S                       0x08001f59   Thumb Code   468  my_headers.o(i.Initialise_I2C_I2S)
    Initialise_SPI_LEDs                      0x08002145   Thumb Code   296  my_headers.o(i.Initialise_SPI_LEDs)
    Initialise_button                        0x08002281   Thumb Code    14  my_headers.o(i.Initialise_button)
    SPI_Thread                               0x08002395   Thumb Code   412  thread.o(i.SPI_Thread)
    SystemCoreClockUpdate                    0x08002629   Thumb Code   170  system_stm32f4xx.o(i.SystemCoreClockUpdate)
    SystemInit                               0x080026e9   Thumb Code   258  system_stm32f4xx.o(i.SystemInit)
    _init_box                                0x080027fd   Thumb Code    70  rt_membox.o(i._init_box)
    _mutex_acquire                           0x08002845   Thumb Code    22  rtx_conf_cm.o(i._mutex_acquire)
    _mutex_release                           0x08002865   Thumb Code    18  rtx_conf_cm.o(i._mutex_release)
    dbg_init                                 0x08002881   Thumb Code    34  hal_cm.o(i.dbg_init)
    dbg_task_notify                          0x080028b1   Thumb Code    32  hal_cm.o(i.dbg_task_notify)
    dbg_task_switch                          0x080028d1   Thumb Code    16  hal_cm.o(i.dbg_task_switch)
    isrMessageGet                            0x080028e1   Thumb Code    42  rt_cmsis.o(i.isrMessageGet)
    isrMessagePut                            0x0800290b   Thumb Code    44  rt_cmsis.o(i.isrMessagePut)
    isrSignalSet                             0x08002937   Thumb Code    36  rt_cmsis.o(i.isrSignalSet)
    isr_evt_set                              0x0800295d   Thumb Code    34  rt_event.o(i.isr_evt_set)
    isr_mbx_receive                          0x08002985   Thumb Code    82  rt_mailbox.o(i.isr_mbx_receive)
    isr_mbx_send                             0x080029d7   Thumb Code    14  rt_mailbox.o(i.isr_mbx_send)
    main                                     0x080029e5   Thumb Code    86  main.o(i.main)
    osDelay                                  0x08002a55   Thumb Code    18  rt_cmsis.o(i.osDelay)
    osKernelInitialize                       0x08002a6d   Thumb Code    30  rt_cmsis.o(i.osKernelInitialize)
    osKernelStart                            0x08002a91   Thumb Code    98  rt_cmsis.o(i.osKernelStart)
    osMessageGet                             0x08002afd   Thumb Code    18  rt_cmsis.o(i.osMessageGet)
    osSignalClear                            0x08002b15   Thumb Code    20  rt_cmsis.o(i.osSignalClear)
    osSignalSet                              0x08002b2d   Thumb Code    18  rt_cmsis.o(i.osSignalSet)
    osSignalWait                             0x08002b45   Thumb Code    18  rt_cmsis.o(i.osSignalWait)
    osThreadCreate                           0x08002b5d   Thumb Code    38  rt_cmsis.o(i.osThreadCreate)
    osThreadExit                             0x08002b8d   Thumb Code    14  rt_cmsis.o(i.osThreadExit)
    osThreadYield                            0x08002ba5   Thumb Code    18  rt_cmsis.o(i.osThreadYield)
    osTimerCall                              0x08002bbd   Thumb Code     8  rt_cmsis.o(i.osTimerCall)
    osTimerThread                            0x08002bc9   Thumb Code    38  rt_cmsis.o(i.osTimerThread)
    os_error                                 0x08002bf5   Thumb Code    34  rtx_conf_cm.o(i.os_error)
    os_idle_demon                            0x08002c17   Thumb Code     4  rtx_conf_cm.o(i.os_idle_demon)
    os_tick_init                             0x08002c1d   Thumb Code    32  rt_system.o(i.os_tick_init)
    os_tick_irqack                           0x08002c45   Thumb Code     2  rt_system.o(i.os_tick_irqack)
    rt_alloc_box                             0x08002c47   Thumb Code    26  rt_membox.o(i.rt_alloc_box)
    rt_alloc_mem                             0x08002c61   Thumb Code    62  rt_memory.o(i.rt_alloc_mem)
    rt_block                                 0x08002ca1   Thumb Code    48  rt_task.o(i.rt_block)
    rt_chk_robin                             0x08002cd9   Thumb Code    60  rt_robin.o(i.rt_chk_robin)
    rt_dec_dly                               0x08002d21   Thumb Code   102  rt_list.o(i.rt_dec_dly)
    rt_dispatch                              0x08002d91   Thumb Code    60  rt_task.o(i.rt_dispatch)
    rt_dly_wait                              0x08002dd5   Thumb Code     6  rt_time.o(i.rt_dly_wait)
    rt_evt_clr                               0x08002ddd   Thumb Code    22  rt_event.o(i.rt_evt_clr)
    rt_evt_psh                               0x08002df9   Thumb Code    76  rt_event.o(i.rt_evt_psh)
    rt_evt_set                               0x08002e49   Thumb Code    88  rt_event.o(i.rt_evt_set)
    rt_evt_wait                              0x08002ea5   Thumb Code    56  rt_event.o(i.rt_evt_wait)
    rt_free_box                              0x08002ee1   Thumb Code    44  rt_membox.o(i.rt_free_box)
    rt_free_mem                              0x08002f0d   Thumb Code    40  rt_memory.o(i.rt_free_mem)
    rt_get_first                             0x08002f35   Thumb Code    40  rt_list.o(i.rt_get_first)
    rt_get_same_rdy_prio                     0x08002f5d   Thumb Code    26  rt_list.o(i.rt_get_same_rdy_prio)
    rt_init_mem                              0x08002fd1   Thumb Code    26  rt_memory.o(i.rt_init_mem)
    rt_init_robin                            0x08002fed   Thumb Code    14  rt_robin.o(i.rt_init_robin)
    rt_init_stack                            0x08003005   Thumb Code   118  hal_cm.o(i.rt_init_stack)
    rt_mbx_check                             0x08003085   Thumb Code     8  rt_mailbox.o(i.rt_mbx_check)
    rt_mbx_init                              0x0800308d   Thumb Code    26  rt_mailbox.o(i.rt_mbx_init)
    rt_mbx_psh                               0x080030a9   Thumb Code   236  rt_mailbox.o(i.rt_mbx_psh)
    rt_mbx_wait                              0x08003199   Thumb Code   174  rt_mailbox.o(i.rt_mbx_wait)
    rt_mut_release                           0x08003291   Thumb Code   208  rt_mutex.o(i.rt_mut_release)
    rt_mut_wait                              0x08003369   Thumb Code   100  rt_mutex.o(i.rt_mut_wait)
    rt_pop_req                               0x080033d1   Thumb Code   112  rt_system.o(i.rt_pop_req)
    rt_psh_req                               0x0800344d   Thumb Code    22  rt_system.o(i.rt_psh_req)
    rt_psq_enq                               0x0800346d   Thumb Code    88  rt_list.o(i.rt_psq_enq)
    rt_put_dly                               0x080034c9   Thumb Code    68  rt_list.o(i.rt_put_dly)
    rt_put_prio                              0x08003511   Thumb Code    54  rt_list.o(i.rt_put_prio)
    rt_put_rdy_first                         0x08003549   Thumb Code    14  rt_list.o(i.rt_put_rdy_first)
    rt_resort_prio                           0x0800355d   Thumb Code    46  rt_list.o(i.rt_resort_prio)
    rt_ret_val                               0x080035a1   Thumb Code    12  hal_cm.o(i.rt_ret_val)
    rt_ret_val2                              0x080035ad   Thumb Code    16  hal_cm.o(i.rt_ret_val2)
    rt_rmv_dly                               0x080035bd   Thumb Code    40  rt_list.o(i.rt_rmv_dly)
    rt_rmv_list                              0x080035e5   Thumb Code    44  rt_list.o(i.rt_rmv_list)
    rt_sem_psh                               0x08003615   Thumb Code    48  rt_semaphore.o(i.rt_sem_psh)
    rt_stk_check                             0x08003649   Thumb Code    28  rt_system.o(i.rt_stk_check)
    rt_switch_req                            0x0800366d   Thumb Code    30  rt_task.o(i.rt_switch_req)
    rt_sys_init                              0x08003695   Thumb Code   138  rt_task.o(i.rt_sys_init)
    rt_sys_start                             0x08003761   Thumb Code   110  rt_task.o(i.rt_sys_start)
    rt_systick                               0x080037d9   Thumb Code    50  rt_system.o(i.rt_systick)
    rt_tsk_create                            0x08003861   Thumb Code   118  rt_task.o(i.rt_tsk_create)
    rt_tsk_delete                            0x080038e9   Thumb Code   352  rt_task.o(i.rt_tsk_delete)
    rt_tsk_pass                              0x08003a65   Thumb Code    38  rt_task.o(i.rt_tsk_pass)
    rt_tsk_prio                              0x08003a95   Thumb Code   108  rt_task.o(i.rt_tsk_prio)
    rt_tsk_self                              0x08003b11   Thumb Code    12  rt_task.o(i.rt_tsk_self)
    svcDelay                                 0x08003b21   Thumb Code    18  rt_cmsis.o(i.svcDelay)
    svcKernelInitialize                      0x08003b35   Thumb Code    80  rt_cmsis.o(i.svcKernelInitialize)
    svcKernelStart                           0x08003ba5   Thumb Code    62  rt_cmsis.o(i.svcKernelStart)
    svcMessageCreate                         0x08003bed   Thumb Code    36  rt_cmsis.o(i.svcMessageCreate)
    svcMessageGet                            0x08003c11   Thumb Code    58  rt_cmsis.o(i.svcMessageGet)
    svcSignalClear                           0x08003c4b   Thumb Code    36  rt_cmsis.o(i.svcSignalClear)
    svcSignalSet                             0x08003c6f   Thumb Code    36  rt_cmsis.o(i.svcSignalSet)
    svcSignalWait                            0x08003c95   Thumb Code    80  rt_cmsis.o(i.svcSignalWait)
    svcThreadCreate                          0x08003ce9   Thumb Code   100  rt_cmsis.o(i.svcThreadCreate)
    svcThreadGetId                           0x08003d59   Thumb Code    22  rt_cmsis.o(i.svcThreadGetId)
    svcThreadTerminate                       0x08003d75   Thumb Code    50  rt_cmsis.o(i.svcThreadTerminate)
    svcThreadYield                           0x08003dad   Thumb Code    10  rt_cmsis.o(i.svcThreadYield)
    svcTimerCall                             0x08003db7   Thumb Code    24  rt_cmsis.o(i.svcTimerCall)
    sysTimerTick                             0x08003dd1   Thumb Code    84  rt_cmsis.o(i.sysTimerTick)
    _fp_init                                 0x08003e2d   Thumb Code    10  fpinit.o(x$fpl$fpinit)
    __fplib_config_fpu_vfp                   0x08003e35   Thumb Code     0  fpinit.o(x$fpl$fpinit)
    __fplib_config_pureend_doubles           0x08003e35   Thumb Code     0  fpinit.o(x$fpl$fpinit)
    os_thread_def_SPI_Thread                 0x08003e38   Data          16  thread.o(.constdata)
    os_thread_def_Blink_Thread               0x08003e48   Data          16  thread.o(.constdata)
    os_thread_def_Button_Thread              0x08003e58   Data          16  thread.o(.constdata)
    os_thread_def_I2C_I2S_Thread             0x08003e68   Data          16  thread.o(.constdata)
    os_maxtaskrun                            0x08003e88   Data           2  rtx_conf_cm.o(.constdata)
    os_stackinfo                             0x08003e8c   Data           4  rtx_conf_cm.o(.constdata)
    os_rrobin                                0x08003e90   Data           4  rtx_conf_cm.o(.constdata)
    os_tickfreq                              0x08003e94   Data           4  rtx_conf_cm.o(.constdata)
    os_tickus_i                              0x08003e98   Data           2  rtx_conf_cm.o(.constdata)
    os_tickus_f                              0x08003e9a   Data           2  rtx_conf_cm.o(.constdata)
    os_trv                                   0x08003e9c   Data           4  rtx_conf_cm.o(.constdata)
    os_flags                                 0x08003ea0   Data           1  rtx_conf_cm.o(.constdata)
    CMSIS_RTOS_API_Version                   0x08003ea4   Data           4  rtx_conf_cm.o(.constdata)
    CMSIS_RTOS_RTX_Version                   0x08003ea8   Data           4  rtx_conf_cm.o(.constdata)
    os_clockrate                             0x08003eac   Data           4  rtx_conf_cm.o(.constdata)
    os_timernum                              0x08003eb0   Data           4  rtx_conf_cm.o(.constdata)
    mp_tcb_size                              0x08003eb4   Data           2  rtx_conf_cm.o(.constdata)
    mp_stk_size                              0x08003eb8   Data           4  rtx_conf_cm.o(.constdata)
    os_stack_sz                              0x08003ebc   Data           4  rtx_conf_cm.o(.constdata)
    os_fifo_size                             0x08003ec0   Data           1  rtx_conf_cm.o(.constdata)
    os_thread_def_osTimerThread              0x08003ec4   Data          16  rtx_conf_cm.o(.constdata)
    os_messageQ_def_osTimerMessageQ          0x08003ed4   Data           8  rtx_conf_cm.o(.constdata)
    mp_tmr_size                              0x08003edc   Data           2  rtx_conf_cm.o(.constdata)
    AHBPrescTable                            0x08003ede   Data          16  system_stm32f4xx.o(.constdata)
    APBPrescTable                            0x08003eee   Data           8  system_stm32f4xx.o(.constdata)
    Region$$Table$$Base                      0x08003ef8   Number         0  anon$$obj.o(Region$$Table)
    Region$$Table$$Limit                     0x08003f18   Number         0  anon$$obj.o(Region$$Table)
    address                                  0x20000000   Data           1  main.o(.data)
    i2c_i2s_params                           0x20000004   Data           8  main.o(.data)
    LED_on                                   0x2000000c   Data           1  thread.o(.data)
    LED_off                                  0x2000000d   Data           1  thread.o(.data)
    green_LED                                0x2000000e   Data           1  thread.o(.data)
    orange_LED                               0x2000000f   Data           1  thread.o(.data)
    red_LED                                  0x20000010   Data           1  thread.o(.data)
    blue_LED                                 0x20000011   Data           1  thread.o(.data)
    flag                                     0x20000014   Data           4  thread.o(.data)
    tid_SPI_Thread                           0x20000018   Data           4  thread.o(.data)
    tid_Blink_Thread                         0x2000001c   Data           4  thread.o(.data)
    tid_Button_Thread                        0x20000020   Data           4  thread.o(.data)
    tid_I2C_I2S_Thread                       0x20000024   Data           4  thread.o(.data)
    osThreadId_osTimerThread                 0x20000028   Data           4  rtx_conf_cm.o(.data)
    osMessageQId_osTimerMessageQ             0x2000002c   Data           4  rtx_conf_cm.o(.data)
    os_tmr                                   0x20000030   Data           4  rtx_conf_cm.o(.data)
    m_tmr                                    0x20000034   Data           4  rtx_conf_cm.o(.data)
    os_thread_def_main                       0x2000003c   Data          16  rtx_conf_cm.o(.data)
    uwTick                                   0x2000004c   Data           4  stm32f4xx_hal.o(.data)
    uwTickPrio                               0x20000050   Data           4  stm32f4xx_hal.o(.data)
    uwTickFreq                               0x20000054   Data           1  stm32f4xx_hal.o(.data)
    SystemCoreClock                          0x20000058   Data           4  system_stm32f4xx.o(.data)
    os_initialized                           0x2000005c   Data           1  rt_cmsis.o(.data)
    os_running                               0x2000005d   Data           1  rt_cmsis.o(.data)
    os_timer_head                            0x20000060   Data           4  rt_cmsis.o(.data)
    os_tsk                                   0x20000064   Data           8  rt_task.o(.data)
    os_tick_irqn                             0x20000070   Data           4  rt_system.o(.data)
    os_time                                  0x20000074   Data           4  rt_time.o(.data)
    os_robin                                 0x20000078   Data           8  rt_robin.o(.data)
    dbg_msg                                  0x20000080   Data           1  hal_cm.o(.data)
    SPI_Params                               0x20000084   Data          88  main.o(.bss)
    I2C_Params                               0x200000dc   Data          84  main.o(.bss)
    I2S_Params                               0x20000130   Data          72  main.o(.bss)
    spi_params                               0x20000178   Data          16  main.o(.bss)
    mp_tcb                                   0x20000188   Data         376  rtx_conf_cm.o(.bss)
    mp_stk                                   0x20000300   Data        1216  rtx_conf_cm.o(.bss)
    os_stack_mem                             0x200007c0   Data         432  rtx_conf_cm.o(.bss)
    os_fifo                                  0x20000970   Data         132  rtx_conf_cm.o(.bss)
    os_active_TCB                            0x200009f4   Data          28  rtx_conf_cm.o(.bss)
    os_messageQ_q_osTimerMessageQ            0x20000a10   Data          32  rtx_conf_cm.o(.bss)
    os_idle_TCB                              0x20000d50   Data          52  rt_task.o(.bss)
    os_rdy                                   0x20000d84   Data          24  rt_list.o(.bss)
    os_dly                                   0x20000d9c   Data          24  rt_list.o(.bss)
    __libspace_start                         0x20000db4   Data          96  libspace.o(.bss)
    __temporary_stack_top$libspace           0x20000e14   Data           0  libspace.o(.bss)



==============================================================================

Memory Map of the image

  Image Entry point : 0x080003e5

  Load Region LR_1 (Base: 0x08000000, Size: 0x00003f9c, Max: 0xffffffff, ABSOLUTE)

    Execution Region ER_RO (Base: 0x08000000, Size: 0x00003f18, Max: 0xffffffff, ABSOLUTE)

    Base Addr    Size         Type   Attr      Idx    E Section Name        Object

    0x08000000   0x00000188   Data   RO         3276    RESET               startup_stm32f407xx.o
    0x08000188   0x00000008   Code   RO         4548  * !!!main             c_w.l(__main.o)
    0x08000190   0x00000034   Code   RO         4709    !!!scatter          c_w.l(__scatter.o)
    0x080001c4   0x0000001a   Code   RO         4711    !!handler_copy      c_w.l(__scatter_copy.o)
    0x080001de   0x00000002   PAD
    0x080001e0   0x0000001c   Code   RO         4713    !!handler_zi        c_w.l(__scatter_zi.o)
    0x080001fc   0x00000002   Code   RO         4595    .ARM.Collect$$libinit$$00000000  c_w.l(libinit.o)
    0x080001fe   0x00000004   Code   RO         4606    .ARM.Collect$$libinit$$00000001  c_w.l(libinit2.o)
    0x08000202   0x00000000   Code   RO         4609    .ARM.Collect$$libinit$$00000004  c_w.l(libinit2.o)
    0x08000202   0x00000000   Code   RO         4612    .ARM.Collect$$libinit$$0000000A  c_w.l(libinit2.o)
    0x08000202   0x00000000   Code   RO         4614    .ARM.Collect$$libinit$$0000000C  c_w.l(libinit2.o)
    0x08000202   0x00000000   Code   RO         4616    .ARM.Collect$$libinit$$0000000E  c_w.l(libinit2.o)
    0x08000202   0x00000000   Code   RO         4619    .ARM.Collect$$libinit$$00000011  c_w.l(libinit2.o)
    0x08000202   0x00000000   Code   RO         4621    .ARM.Collect$$libinit$$00000013  c_w.l(libinit2.o)
    0x08000202   0x00000000   Code   RO         4623    .ARM.Collect$$libinit$$00000015  c_w.l(libinit2.o)
    0x08000202   0x00000000   Code   RO         4625    .ARM.Collect$$libinit$$00000017  c_w.l(libinit2.o)
    0x08000202   0x00000000   Code   RO         4627    .ARM.Collect$$libinit$$00000019  c_w.l(libinit2.o)
    0x08000202   0x00000000   Code   RO         4629    .ARM.Collect$$libinit$$0000001B  c_w.l(libinit2.o)
    0x08000202   0x00000000   Code   RO         4631    .ARM.Collect$$libinit$$0000001D  c_w.l(libinit2.o)
    0x08000202   0x00000000   Code   RO         4633    .ARM.Collect$$libinit$$0000001F  c_w.l(libinit2.o)
    0x08000202   0x00000000   Code   RO         4635    .ARM.Collect$$libinit$$00000021  c_w.l(libinit2.o)
    0x08000202   0x00000000   Code   RO         4637    .ARM.Collect$$libinit$$00000023  c_w.l(libinit2.o)
    0x08000202   0x00000000   Code   RO         4639    .ARM.Collect$$libinit$$00000025  c_w.l(libinit2.o)
    0x08000202   0x00000000   Code   RO         4643    .ARM.Collect$$libinit$$0000002C  c_w.l(libinit2.o)
    0x08000202   0x00000000   Code   RO         4645    .ARM.Collect$$libinit$$0000002E  c_w.l(libinit2.o)
    0x08000202   0x00000000   Code   RO         4647    .ARM.Collect$$libinit$$00000030  c_w.l(libinit2.o)
    0x08000202   0x00000000   Code   RO         4649    .ARM.Collect$$libinit$$00000032  c_w.l(libinit2.o)
    0x08000202   0x00000002   Code   RO         4650    .ARM.Collect$$libinit$$00000033  c_w.l(libinit2.o)
    0x08000204   0x00000002   Code   RO         4596    .ARM.Collect$$libshutdown$$00000000  c_w.l(libshutdown.o)
    0x08000206   0x00000000   Code   RO         4652    .ARM.Collect$$libshutdown$$00000002  c_w.l(libshutdown2.o)
    0x08000206   0x00000000   Code   RO         4654    .ARM.Collect$$libshutdown$$00000004  c_w.l(libshutdown2.o)
    0x08000206   0x00000000   Code   RO         4657    .ARM.Collect$$libshutdown$$00000007  c_w.l(libshutdown2.o)
    0x08000206   0x00000000   Code   RO         4660    .ARM.Collect$$libshutdown$$0000000A  c_w.l(libshutdown2.o)
    0x08000206   0x00000000   Code   RO         4662    .ARM.Collect$$libshutdown$$0000000C  c_w.l(libshutdown2.o)
    0x08000206   0x00000000   Code   RO         4665    .ARM.Collect$$libshutdown$$0000000F  c_w.l(libshutdown2.o)
    0x08000206   0x00000002   Code   RO         4666    .ARM.Collect$$libshutdown$$00000010  c_w.l(libshutdown2.o)
    0x08000208   0x00000000   Code   RO         4550    .ARM.Collect$$rtentry$$00000000  c_w.l(__rtentry.o)
    0x08000208   0x00000000   Code   RO         4558    .ARM.Collect$$rtentry$$00000002  c_w.l(__rtentry2.o)
    0x08000208   0x00000006   Code   RO         4570    .ARM.Collect$$rtentry$$00000004  c_w.l(__rtentry4.o)
    0x0800020e   0x00000000   Code   RO         4560    .ARM.Collect$$rtentry$$00000009  c_w.l(__rtentry2.o)
    0x0800020e   0x00000004   Code   RO         4561    .ARM.Collect$$rtentry$$0000000A  c_w.l(__rtentry2.o)
    0x08000212   0x00000008   Code   RO         4562    .ARM.Collect$$rtentry$$0000000B  c_w.l(__rtentry2.o)
    0x0800021a   0x00000008   Code   RO         4564    .ARM.Collect$$rtentry$$0000000D  c_w.l(__rtentry2.o)
    0x08000222   0x00000002   Code   RO         4551    .ARM.Collect$$rtexit$$00000000  c_w.l(rtexit.o)
    0x08000224   0x00000000   Code   RO         4573    .ARM.Collect$$rtexit$$00000002  c_w.l(rtexit2.o)
    0x08000224   0x00000004   Code   RO         4574    .ARM.Collect$$rtexit$$00000003  c_w.l(rtexit2.o)
    0x08000228   0x00000006   Code   RO         4575    .ARM.Collect$$rtexit$$00000004  c_w.l(rtexit2.o)
    0x0800022e   0x00000002   PAD
    0x08000230   0x0000001c   Code   RO          266    .emb_text           rtx_conf_cm.o
    0x0800024c   0x00000198   Code   RO         4524    .emb_text           RTX_CM4.lib(hal_cm4.o)
    0x080003e4   0x00000040   Code   RO         3277  * .text               startup_stm32f407xx.o
    0x08000424   0x00000008   Code   RO         4539    .text               c_w.l(libspace.o)
    0x0800042c   0x00000012   Code   RO         4544    .text               c_w.l(exit.o)
    0x0800043e   0x00000006   Code   RO         4546    .text               c_w.l(heapauxi.o)
    0x08000444   0x0000000c   Code   RO         4581    .text               c_w.l(sys_exit.o)
    0x08000450   0x0000004a   Code   RO         4583    .text               c_w.l(sys_stackheap_outer.o)
    0x0800049a   0x00000002   Code   RO         4597    .text               c_w.l(use_no_semi.o)
    0x0800049c   0x00000000   Code   RO         4599    .text               c_w.l(indicate_semi.o)
    0x0800049c   0x00000004   Code   RO         4534    SVC_TABLE           RTX_CM4.lib(svc_table.o)
    0x080004a0   0x00000020   Code   RO            4    i.Blink_LED         my_headers.o
    0x080004c0   0x0000007c   Code   RO          195    i.Blink_Thread      thread.o
    0x0800053c   0x00000110   Code   RO          196    i.Button_Thread     thread.o
    0x0800064c   0x000001f4   Code   RO          803    i.HAL_GPIO_Init     stm32f4xx_hal_gpio.o
    0x08000840   0x0000000c   Code   RO          340    i.HAL_GetTick       stm32f4xx_hal.o
    0x0800084c   0x000001d0   Code   RO          877    i.HAL_I2C_Init      stm32f4xx_hal_i2c.o
    0x08000a1c   0x00000170   Code   RO          890    i.HAL_I2C_Master_Transmit  stm32f4xx_hal_i2c.o
    0x08000b8c   0x00000002   Code   RO          902    i.HAL_I2C_MspInit   stm32f4xx_hal_i2c.o
    0x08000b8e   0x00000002   PAD
    0x08000b90   0x00000244   Code   RO         1527    i.HAL_I2SEx_FullDuplex_IRQHandler  stm32f4xx_hal_i2s_ex.o
    0x08000dd4   0x00000002   Code   RO         1531    i.HAL_I2SEx_TxRxCpltCallback  stm32f4xx_hal_i2s_ex.o
    0x08000dd6   0x00000002   Code   RO         1342    i.HAL_I2S_ErrorCallback  stm32f4xx_hal_i2s.o
    0x08000dd8   0x000001c8   Code   RO         1346    i.HAL_I2S_Init      stm32f4xx_hal_i2s.o
    0x08000fa0   0x00000002   Code   RO         1348    i.HAL_I2S_MspInit   stm32f4xx_hal_i2s.o
    0x08000fa2   0x00000002   Code   RO         1352    i.HAL_I2S_RxCpltCallback  stm32f4xx_hal_i2s.o
    0x08000fa4   0x000000a2   Code   RO         1356    i.HAL_I2S_Transmit_IT  stm32f4xx_hal_i2s.o
    0x08001046   0x00000002   Code   RO         1357    i.HAL_I2S_TxCpltCallback  stm32f4xx_hal_i2s.o
    0x08001048   0x00000090   Code   RO         1900    i.HAL_RCCEx_GetPeriphCLKFreq  stm32f4xx_hal_rcc_ex.o
    0x080010d8   0x0000000c   Code   RO         1801    i.HAL_RCC_GetHCLKFreq  stm32f4xx_hal_rcc.o
    0x080010e4   0x00000020   Code   RO         1803    i.HAL_RCC_GetPCLK1Freq  stm32f4xx_hal_rcc.o
    0x08001104   0x000000de   Code   RO         1962    i.HAL_SPI_Init      stm32f4xx_hal_spi.o
    0x080011e2   0x00000002   Code   RO         1964    i.HAL_SPI_MspInit   stm32f4xx_hal_spi.o
    0x080011e4   0x00000222   Code   RO         1965    i.HAL_SPI_Receive   stm32f4xx_hal_spi.o
    0x08001406   0x000001e6   Code   RO         1970    i.HAL_SPI_Transmit  stm32f4xx_hal_spi.o
    0x080015ec   0x000002d2   Code   RO         1971    i.HAL_SPI_TransmitReceive  stm32f4xx_hal_spi.o
    0x080018be   0x00000002   PAD
    0x080018c0   0x00000064   Code   RO          197    i.I2C_I2S_Thread    thread.o
    0x08001924   0x0000003e   Code   RO          920    i.I2C_IsAcknowledgeFailed  stm32f4xx_hal_i2c.o
    0x08001962   0x00000002   PAD
    0x08001964   0x000000c0   Code   RO          924    i.I2C_MasterRequestWrite  stm32f4xx_hal_i2c.o
    0x08001a24   0x0000005c   Code   RO          940    i.I2C_WaitOnBTFFlagUntilTimeout  stm32f4xx_hal_i2c.o
    0x08001a80   0x00000086   Code   RO          941    i.I2C_WaitOnFlagUntilTimeout  stm32f4xx_hal_i2c.o
    0x08001b06   0x000000c4   Code   RO          942    i.I2C_WaitOnMasterAddressFlagUntilTimeout  stm32f4xx_hal_i2c.o
    0x08001bca   0x0000005c   Code   RO          946    i.I2C_WaitOnTXEFlagUntilTimeout  stm32f4xx_hal_i2c.o
    0x08001c26   0x0000003a   Code   RO         1534    i.I2SEx_RxISR_I2S   stm32f4xx_hal_i2s_ex.o
    0x08001c60   0x0000006c   Code   RO         1535    i.I2SEx_RxISR_I2SExt  stm32f4xx_hal_i2s_ex.o
    0x08001ccc   0x00000038   Code   RO         1536    i.I2SEx_TxISR_I2S   stm32f4xx_hal_i2s_ex.o
    0x08001d04   0x0000006c   Code   RO         1537    i.I2SEx_TxISR_I2SExt  stm32f4xx_hal_i2s_ex.o
    0x08001d70   0x000000dc   Code   RO         1364    i.I2S_IRQHandler    stm32f4xx_hal_i2s.o
    0x08001e4c   0x00000036   Code   RO         1365    i.I2S_Receive_IT    stm32f4xx_hal_i2s.o
    0x08001e82   0x00000036   Code   RO         1366    i.I2S_Transmit_IT   stm32f4xx_hal_i2s.o
    0x08001eb8   0x00000028   Code   RO          198    i.Init_Blink_Thread  thread.o
    0x08001ee0   0x00000028   Code   RO          199    i.Init_Button_Thread  thread.o
    0x08001f08   0x00000028   Code   RO          200    i.Init_I2C_I2S_Thread  thread.o
    0x08001f30   0x00000028   Code   RO          201    i.Init_SPI_Thread   thread.o
    0x08001f58   0x000001ec   Code   RO            5    i.Initialise_I2C_I2S  my_headers.o
    0x08002144   0x0000013c   Code   RO            6    i.Initialise_SPI_LEDs  my_headers.o
    0x08002280   0x00000014   Code   RO            7    i.Initialise_button  my_headers.o
    0x08002294   0x00000094   Code   RO         2001    i.SPI_EndRxTransaction  stm32f4xx_hal_spi.o
    0x08002328   0x0000006c   Code   RO         2002    i.SPI_EndRxTxTransaction  stm32f4xx_hal_spi.o
    0x08002394   0x000001bc   Code   RO          202    i.SPI_Thread        thread.o
    0x08002550   0x000000d8   Code   RO         2009    i.SPI_WaitFlagStateUntilTimeout  stm32f4xx_hal_spi.o
    0x08002628   0x000000c0   Code   RO         3284    i.SystemCoreClockUpdate  system_stm32f4xx.o
    0x080026e8   0x00000114   Code   RO         3285    i.SystemInit        system_stm32f4xx.o
    0x080027fc   0x00000046   Code   RO         4418    i._init_box         RTX_CM4.lib(rt_membox.o)
    0x08002842   0x00000002   PAD
    0x08002844   0x00000020   Code   RO          268    i._mutex_acquire    rtx_conf_cm.o
    0x08002864   0x0000001c   Code   RO          270    i._mutex_release    rtx_conf_cm.o
    0x08002880   0x00000030   Code   RO         4471    i.dbg_init          RTX_CM4.lib(hal_cm.o)
    0x080028b0   0x00000020   Code   RO         4472    i.dbg_task_notify   RTX_CM4.lib(hal_cm.o)
    0x080028d0   0x00000010   Code   RO         4473    i.dbg_task_switch   RTX_CM4.lib(hal_cm.o)
    0x080028e0   0x0000002a   Code   RO         3321    i.isrMessageGet     RTX_CM4.lib(rt_cmsis.o)
    0x0800290a   0x0000002c   Code   RO         3322    i.isrMessagePut     RTX_CM4.lib(rt_cmsis.o)
    0x08002936   0x00000024   Code   RO         3324    i.isrSignalSet      RTX_CM4.lib(rt_cmsis.o)
    0x0800295a   0x00000002   PAD
    0x0800295c   0x00000028   Code   RO         4155    i.isr_evt_set       RTX_CM4.lib(rt_event.o)
    0x08002984   0x00000052   Code   RO         4273    i.isr_mbx_receive   RTX_CM4.lib(rt_mailbox.o)
    0x080029d6   0x0000000e   Code   RO         4274    i.isr_mbx_send      RTX_CM4.lib(rt_mailbox.o)
    0x080029e4   0x00000070   Code   RO          157    i.main              main.o
    0x08002a54   0x00000018   Code   RO         3325    i.osDelay           RTX_CM4.lib(rt_cmsis.o)
    0x08002a6c   0x00000024   Code   RO         3326    i.osKernelInitialize  RTX_CM4.lib(rt_cmsis.o)
    0x08002a90   0x0000006c   Code   RO         3328    i.osKernelStart     RTX_CM4.lib(rt_cmsis.o)
    0x08002afc   0x00000018   Code   RO         3337    i.osMessageGet      RTX_CM4.lib(rt_cmsis.o)
    0x08002b14   0x00000018   Code   RO         3351    i.osSignalClear     RTX_CM4.lib(rt_cmsis.o)
    0x08002b2c   0x00000018   Code   RO         3352    i.osSignalSet       RTX_CM4.lib(rt_cmsis.o)
    0x08002b44   0x00000018   Code   RO         3353    i.osSignalWait      RTX_CM4.lib(rt_cmsis.o)
    0x08002b5c   0x00000030   Code   RO         3354    i.osThreadCreate    RTX_CM4.lib(rt_cmsis.o)
    0x08002b8c   0x00000018   Code   RO         3355    i.osThreadExit      RTX_CM4.lib(rt_cmsis.o)
    0x08002ba4   0x00000018   Code   RO         3360    i.osThreadYield     RTX_CM4.lib(rt_cmsis.o)
    0x08002bbc   0x0000000c   Code   RO         3361    i.osTimerCall       RTX_CM4.lib(rt_cmsis.o)
    0x08002bc8   0x0000002c   Code   RO         3366    i.osTimerThread     RTX_CM4.lib(rt_cmsis.o)
    0x08002bf4   0x00000022   Code   RO          271    i.os_error          rtx_conf_cm.o
    0x08002c16   0x00000004   Code   RO          272    i.os_idle_demon     rtx_conf_cm.o
    0x08002c1a   0x00000002   PAD
    0x08002c1c   0x00000028   Code   RO         4065    i.os_tick_init      RTX_CM4.lib(rt_system.o)
    0x08002c44   0x00000002   Code   RO         4066    i.os_tick_irqack    RTX_CM4.lib(rt_system.o)
    0x08002c46   0x0000001a   Code   RO         4419    i.rt_alloc_box      RTX_CM4.lib(rt_membox.o)
    0x08002c60   0x0000003e   Code   RO         4447    i.rt_alloc_mem      RTX_CM4.lib(rt_memory.o)
    0x08002c9e   0x00000002   PAD
    0x08002ca0   0x00000038   Code   RO         3946    i.rt_block          RTX_CM4.lib(rt_task.o)
    0x08002cd8   0x00000048   Code   RO         4396    i.rt_chk_robin      RTX_CM4.lib(rt_robin.o)
    0x08002d20   0x00000070   Code   RO         4197    i.rt_dec_dly        RTX_CM4.lib(rt_list.o)
    0x08002d90   0x00000044   Code   RO         3947    i.rt_dispatch       RTX_CM4.lib(rt_task.o)
    0x08002dd4   0x00000006   Code   RO         4363    i.rt_dly_wait       RTX_CM4.lib(rt_time.o)
    0x08002dda   0x00000002   PAD
    0x08002ddc   0x0000001c   Code   RO         4156    i.rt_evt_clr        RTX_CM4.lib(rt_event.o)
    0x08002df8   0x00000050   Code   RO         4158    i.rt_evt_psh        RTX_CM4.lib(rt_event.o)
    0x08002e48   0x0000005c   Code   RO         4159    i.rt_evt_set        RTX_CM4.lib(rt_event.o)
    0x08002ea4   0x0000003c   Code   RO         4160    i.rt_evt_wait       RTX_CM4.lib(rt_event.o)
    0x08002ee0   0x0000002c   Code   RO         4420    i.rt_free_box       RTX_CM4.lib(rt_membox.o)
    0x08002f0c   0x00000028   Code   RO         4448    i.rt_free_mem       RTX_CM4.lib(rt_memory.o)
    0x08002f34   0x00000028   Code   RO         4198    i.rt_get_first      RTX_CM4.lib(rt_list.o)
    0x08002f5c   0x00000024   Code   RO         4199    i.rt_get_same_rdy_prio  RTX_CM4.lib(rt_list.o)
    0x08002f80   0x00000008   Code   RO         3371    i.rt_id2obj         RTX_CM4.lib(rt_cmsis.o)
    0x08002f88   0x00000048   Code   RO         3948    i.rt_init_context   RTX_CM4.lib(rt_task.o)
    0x08002fd0   0x0000001a   Code   RO         4449    i.rt_init_mem       RTX_CM4.lib(rt_memory.o)
    0x08002fea   0x00000002   PAD
    0x08002fec   0x00000018   Code   RO         4397    i.rt_init_robin     RTX_CM4.lib(rt_robin.o)
    0x08003004   0x00000080   Code   RO         4474    i.rt_init_stack     RTX_CM4.lib(hal_cm.o)
    0x08003084   0x00000008   Code   RO         4275    i.rt_mbx_check      RTX_CM4.lib(rt_mailbox.o)
    0x0800308c   0x0000001a   Code   RO         4276    i.rt_mbx_init       RTX_CM4.lib(rt_mailbox.o)
    0x080030a6   0x00000002   PAD
    0x080030a8   0x000000f0   Code   RO         4277    i.rt_mbx_psh        RTX_CM4.lib(rt_mailbox.o)
    0x08003198   0x000000b4   Code   RO         4279    i.rt_mbx_wait       RTX_CM4.lib(rt_mailbox.o)
    0x0800324c   0x00000044   Code   RO         3372    i.rt_ms2tick        RTX_CM4.lib(rt_cmsis.o)
    0x08003290   0x000000d8   Code   RO         4032    i.rt_mut_release    RTX_CM4.lib(rt_mutex.o)
    0x08003368   0x00000068   Code   RO         4033    i.rt_mut_wait       RTX_CM4.lib(rt_mutex.o)
    0x080033d0   0x0000007c   Code   RO         4069    i.rt_pop_req        RTX_CM4.lib(rt_system.o)
    0x0800344c   0x00000020   Code   RO         4070    i.rt_psh_req        RTX_CM4.lib(rt_system.o)
    0x0800346c   0x0000005c   Code   RO         4200    i.rt_psq_enq        RTX_CM4.lib(rt_list.o)
    0x080034c8   0x00000048   Code   RO         4201    i.rt_put_dly        RTX_CM4.lib(rt_list.o)
    0x08003510   0x00000036   Code   RO         4202    i.rt_put_prio       RTX_CM4.lib(rt_list.o)
    0x08003546   0x00000002   PAD
    0x08003548   0x00000014   Code   RO         4203    i.rt_put_rdy_first  RTX_CM4.lib(rt_list.o)
    0x0800355c   0x00000034   Code   RO         4204    i.rt_resort_prio    RTX_CM4.lib(rt_list.o)
    0x08003590   0x00000010   Code   RO         4475    i.rt_ret_regs       RTX_CM4.lib(hal_cm.o)
    0x080035a0   0x0000000c   Code   RO         4476    i.rt_ret_val        RTX_CM4.lib(hal_cm.o)
    0x080035ac   0x00000010   Code   RO         4477    i.rt_ret_val2       RTX_CM4.lib(hal_cm.o)
    0x080035bc   0x00000028   Code   RO         4205    i.rt_rmv_dly        RTX_CM4.lib(rt_list.o)
    0x080035e4   0x00000030   Code   RO         4206    i.rt_rmv_list       RTX_CM4.lib(rt_list.o)
    0x08003614   0x00000034   Code   RO         4324    i.rt_sem_psh        RTX_CM4.lib(rt_semaphore.o)
    0x08003648   0x00000024   Code   RO         4072    i.rt_stk_check      RTX_CM4.lib(rt_system.o)
    0x0800366c   0x00000028   Code   RO         3949    i.rt_switch_req     RTX_CM4.lib(rt_task.o)
    0x08003694   0x000000cc   Code   RO         3950    i.rt_sys_init       RTX_CM4.lib(rt_task.o)
    0x08003760   0x00000078   Code   RO         3951    i.rt_sys_start      RTX_CM4.lib(rt_task.o)
    0x080037d8   0x00000040   Code   RO         4074    i.rt_systick        RTX_CM4.lib(rt_system.o)
    0x08003818   0x00000012   Code   RO         3373    i.rt_tid2ptcb       RTX_CM4.lib(rt_cmsis.o)
    0x0800382a   0x00000002   PAD
    0x0800382c   0x00000034   Code   RO         3374    i.rt_timer_insert   RTX_CM4.lib(rt_cmsis.o)
    0x08003860   0x00000088   Code   RO         3952    i.rt_tsk_create     RTX_CM4.lib(rt_task.o)
    0x080038e8   0x0000017c   Code   RO         3953    i.rt_tsk_delete     RTX_CM4.lib(rt_task.o)
    0x08003a64   0x00000030   Code   RO         3954    i.rt_tsk_pass       RTX_CM4.lib(rt_task.o)
    0x08003a94   0x0000007c   Code   RO         3955    i.rt_tsk_prio       RTX_CM4.lib(rt_task.o)
    0x08003b10   0x00000010   Code   RO         3956    i.rt_tsk_self       RTX_CM4.lib(rt_task.o)
    0x08003b20   0x00000012   Code   RO         3376    i.svcDelay          RTX_CM4.lib(rt_cmsis.o)
    0x08003b32   0x00000002   PAD
    0x08003b34   0x00000070   Code   RO         3377    i.svcKernelInitialize  RTX_CM4.lib(rt_cmsis.o)
    0x08003ba4   0x00000048   Code   RO         3379    i.svcKernelStart    RTX_CM4.lib(rt_cmsis.o)
    0x08003bec   0x00000024   Code   RO         3382    i.svcMessageCreate  RTX_CM4.lib(rt_cmsis.o)
    0x08003c10   0x0000003a   Code   RO         3383    i.svcMessageGet     RTX_CM4.lib(rt_cmsis.o)
    0x08003c4a   0x00000024   Code   RO         3394    i.svcSignalClear    RTX_CM4.lib(rt_cmsis.o)
    0x08003c6e   0x00000024   Code   RO         3395    i.svcSignalSet      RTX_CM4.lib(rt_cmsis.o)
    0x08003c92   0x00000002   PAD
    0x08003c94   0x00000054   Code   RO         3396    i.svcSignalWait     RTX_CM4.lib(rt_cmsis.o)
    0x08003ce8   0x00000070   Code   RO         3397    i.svcThreadCreate   RTX_CM4.lib(rt_cmsis.o)
    0x08003d58   0x0000001c   Code   RO         3398    i.svcThreadGetId    RTX_CM4.lib(rt_cmsis.o)
    0x08003d74   0x00000038   Code   RO         3401    i.svcThreadTerminate  RTX_CM4.lib(rt_cmsis.o)
    0x08003dac   0x0000000a   Code   RO         3402    i.svcThreadYield    RTX_CM4.lib(rt_cmsis.o)
    0x08003db6   0x00000018   Code   RO         3403    i.svcTimerCall      RTX_CM4.lib(rt_cmsis.o)
    0x08003dce   0x00000002   PAD
    0x08003dd0   0x0000005c   Code   RO         3412    i.sysTimerTick      RTX_CM4.lib(rt_cmsis.o)
    0x08003e2c   0x0000000a   Code   RO         4673    x$fpl$fpinit        fz_wm.l(fpinit.o)
    0x08003e36   0x00000002   PAD
    0x08003e38   0x00000050   Data   RO          203    .constdata          thread.o
    0x08003e88   0x00000056   Data   RO          274    .constdata          rtx_conf_cm.o
    0x08003ede   0x00000018   Data   RO         3286    .constdata          system_stm32f4xx.o
    0x08003ef6   0x00000002   PAD
    0x08003ef8   0x00000020   Data   RO         4707    Region$$Table       anon$$obj.o


    Execution Region ER_RW (Base: 0x20000000, Size: 0x00000084, Max: 0xffffffff, ABSOLUTE)

    Base Addr    Size         Type   Attr      Idx    E Section Name        Object

    0x20000000   0x0000000c   Data   RW          159    .data               main.o
    0x2000000c   0x0000001c   Data   RW          204    .data               thread.o
    0x20000028   0x00000024   Data   RW          275    .data               rtx_conf_cm.o
    0x2000004c   0x00000009   Data   RW          354    .data               stm32f4xx_hal.o
    0x20000055   0x00000003   PAD
    0x20000058   0x00000004   Data   RW         3287    .data               system_stm32f4xx.o
    0x2000005c   0x00000008   Data   RW         3415    .data               RTX_CM4.lib(rt_cmsis.o)
    0x20000064   0x00000008   Data   RW         3958    .data               RTX_CM4.lib(rt_task.o)
    0x2000006c   0x00000008   Data   RW         4077    .data               RTX_CM4.lib(rt_system.o)
    0x20000074   0x00000004   Data   RW         4367    .data               RTX_CM4.lib(rt_time.o)
    0x20000078   0x00000008   Data   RW         4398    .data               RTX_CM4.lib(rt_robin.o)
    0x20000080   0x00000001   Data   RW         4478    .data               RTX_CM4.lib(hal_cm.o)


    Execution Region ER_ZI (Base: 0x20000084, Size: 0x00001394, Max: 0xffffffff, ABSOLUTE)

    Base Addr    Size         Type   Attr      Idx    E Section Name        Object

    0x20000084   0x00000104   Zero   RW          158    .bss                main.o
    0x20000188   0x00000bc8   Zero   RW          273    .bss                rtx_conf_cm.o
    0x20000d50   0x00000034   Zero   RW         3957    .bss                RTX_CM4.lib(rt_task.o)
    0x20000d84   0x00000030   Zero   RW         4207    .bss                RTX_CM4.lib(rt_list.o)
    0x20000db4   0x00000060   Zero   RW         4540    .bss                c_w.l(libspace.o)
    0x20000e14   0x00000004   PAD
    0x20000e18   0x00000200   Zero   RW         3275    HEAP                startup_stm32f407xx.o
    0x20001018   0x00000400   Zero   RW         3274    STACK               startup_stm32f407xx.o


==============================================================================

Image component sizes


      Code (inc. data)   RO Data    RW Data    ZI Data      Debug   Object Name

       112         26          0         12        260       4882   main.o
       860         54          0          0          0     609199   my_headers.o
       126         26         86         36       3016       9191   rtx_conf_cm.o
        64         26        392          0       1536        852   startup_stm32f407xx.o
        12          6          0          9          0       7197   stm32f4xx_hal.o
       500         46          0          0          0       1580   stm32f4xx_hal_gpio.o
      1602         32          0          0          0       9147   stm32f4xx_hal_i2c.o
       954         18          0          0          0       7121   stm32f4xx_hal_i2s.o
       912         26          0          0          0       4959   stm32f4xx_hal_i2s_ex.o
        44         16          0          0          0       1221   stm32f4xx_hal_rcc.o
       144         18          0          0          0        841   stm32f4xx_hal_rcc_ex.o
      2450         14          0          0          0       9176   stm32f4xx_hal_spi.o
       468         40         24          4          0       1987   system_stm32f4xx.o
      1100        136         80         28          0       6172   thread.o

    ----------------------------------------------------------------------
      9356        484        616         92       4812     673525   Object Totals
         0          0         32          0          0          0   (incl. Generated)
         8          0          2          3          0          0   (incl. Padding)

    ----------------------------------------------------------------------

      Code (inc. data)   RO Data    RW Data    ZI Data      Debug   Library Member Name

       268         24          0          1          0       4452   hal_cm.o
       408         34          0          0          0        816   hal_cm4.o
      1458        172          0          8          0      41108   rt_cmsis.o
       300         24          0          0          0       3383   rt_event.o
       566         44          0          0         48       9176   rt_list.o
       550         10          0          0          0       4185   rt_mailbox.o
       140          0          0          0          0       2045   rt_membox.o
       128          0          0          0          0       2419   rt_memory.o
       320         12          0          0          0       1699   rt_mutex.o
        96         22          0          8          0       1230   rt_robin.o
        52          4          0          0          0        613   rt_semaphore.o
       298         52          0          8          0       6439   rt_system.o
      1264        184          0          8         52      10563   rt_task.o
         6          0          0          4          0        684   rt_time.o
         4          4          0          0          0        200   svc_table.o
         8          0          0          0          0         68   __main.o
         0          0          0          0          0          0   __rtentry.o
        20          0          0          0          0          0   __rtentry2.o
         6          0          0          0          0          0   __rtentry4.o
        52          8          0          0          0          0   __scatter.o
        26          0          0          0          0          0   __scatter_copy.o
        28          0          0          0          0          0   __scatter_zi.o
        18          0          0          0          0         80   exit.o
         6          0          0          0          0        152   heapauxi.o
         0          0          0          0          0          0   indicate_semi.o
         2          0          0          0          0          0   libinit.o
         6          0          0          0          0          0   libinit2.o
         2          0          0          0          0          0   libshutdown.o
         2          0          0          0          0          0   libshutdown2.o
         8          4          0          0         96         68   libspace.o
         2          0          0          0          0          0   rtexit.o
        10          0          0          0          0          0   rtexit2.o
        12          4          0          0          0         68   sys_exit.o
        74          0          0          0          0         80   sys_stackheap_outer.o
         2          0          0          0          0         68   use_no_semi.o
        10          0          0          0          0        116   fpinit.o

    ----------------------------------------------------------------------
      6180        602          0         40        200      89712   Library Totals
        28          0          0          3          4          0   (incl. Padding)

    ----------------------------------------------------------------------

      Code (inc. data)   RO Data    RW Data    ZI Data      Debug   Library Name

      5858        586          0         37        100      89012   RTX_CM4.lib
       284         16          0          0         96        584   c_w.l
        10          0          0          0          0        116   fz_wm.l

    ----------------------------------------------------------------------
      6180        602          0         40        200      89712   Library Totals

    ----------------------------------------------------------------------

==============================================================================


      Code (inc. data)   RO Data    RW Data    ZI Data      Debug   

     15536       1086        616        132       5012     749281   Grand Totals
     15536       1086        616        132       5012     749281   ELF Image Totals
     15536       1086        616        132          0          0   ROM Totals

==============================================================================

    Total RO  Size (Code + RO Data)                16152 (  15.77kB)
    Total RW  Size (RW Data + ZI Data)              5144 (   5.02kB)
    Total ROM Size (Code + RO Data + RW Data)      16284 (  15.90kB)

==============================================================================

